{
  "Entries": [
    {
      "RequestUri": "https://management.azure.com/subscriptions/db1ab6f0-4769-4b27-930e-01e2ef9c123c?api-version=2021-04-01",
      "RequestMethod": "GET",
      "RequestHeaders": {
        "Accept": "application/json",
        "Authorization": "Sanitized",
        "traceparent": "00-e0b29bf0751052c89308604703349ec3-091b3cdc7a83bb25-00",
        "User-Agent": "azsdk-net-ResourceManager/1.3.0-alpha.20220721.1 (.NET 6.0.7; Microsoft Windows 10.0.17763)",
        "x-ms-client-request-id": "6ec05ae90d89d69b9e5a1125eaf0d425",
        "x-ms-return-client-request-id": "true"
      },
      "RequestBody": null,
      "StatusCode": 200,
      "ResponseHeaders": {
        "Cache-Control": "no-cache",
        "Content-Length": "747",
        "Content-Type": "application/json; charset=utf-8",
        "Date": "Thu, 21 Jul 2022 23:00:26 GMT",
        "Expires": "-1",
        "Pragma": "no-cache",
        "Strict-Transport-Security": "max-age=31536000; includeSubDomains",
        "X-Content-Type-Options": "nosniff",
        "x-ms-correlation-request-id": "8981743b-6a56-45f9-ad3f-b1cd2d376f08",
        "x-ms-ratelimit-remaining-subscription-reads": "11978",
        "x-ms-request-id": "8981743b-6a56-45f9-ad3f-b1cd2d376f08",
        "x-ms-routing-request-id": "WESTCENTRALUS:20220721T230026Z:8981743b-6a56-45f9-ad3f-b1cd2d376f08"
      },
      "ResponseBody": {
        "id": "/subscriptions/db1ab6f0-4769-4b27-930e-01e2ef9c123c",
        "authorizationSource": "RoleBased",
        "managedByTenants": [],
        "tags": {
          "TagKey-9823": "TagValue-566",
          "TagKey-3481": "TagValue-320",
          "TagKey-4926": "TagValue-1187",
          "TagKey-751": "TagValue-3921",
          "TagKey-1866": "TagValue-8559",
          "TagKey-3094": "TagValue-9190",
          "TagKey-2449": "TagValue-9",
          "TagKey-8379": "TagValue-164",
          "TagKey-7470": "TagValue-2205",
          "TagKey-4236": "TagValue-3698",
          "TagKey-5316": "TagValue-2725"
        },
        "subscriptionId": "db1ab6f0-4769-4b27-930e-01e2ef9c123c",
        "tenantId": "72f988bf-86f1-41af-91ab-2d7cd011db47",
        "displayName": ".NET Mgmt SDK Test with TTL = 1 Day",
        "state": "Enabled",
        "subscriptionPolicies": {
          "locationPlacementId": "Internal_2014-09-01",
          "quotaId": "Internal_2014-09-01",
          "spendingLimit": "Off"
        }
      }
    },
    {
      "RequestUri": "https://management.azure.com/subscriptions/db1ab6f0-4769-4b27-930e-01e2ef9c123c/tagNames/tagName9760?api-version=2021-04-01",
      "RequestMethod": "PUT",
      "RequestHeaders": {
        "Accept": "application/json",
        "Authorization": "Sanitized",
        "Content-Length": "0",
        "traceparent": "00-b6896ddd8049279bb7e9806c9bea8dc4-1b3d528ba8588cd4-00",
        "User-Agent": "azsdk-net-ResourceManager/1.3.0-alpha.20220721.1 (.NET 6.0.7; Microsoft Windows 10.0.17763)",
        "x-ms-client-request-id": "c21c76460fad9237a500020bef62dd0e",
        "x-ms-return-client-request-id": "true"
      },
      "RequestBody": null,
      "StatusCode": 201,
      "ResponseHeaders": {
        "Cache-Control": "no-cache",
        "Content-Length": "152",
        "Content-Type": "application/json; charset=utf-8",
        "Date": "Thu, 21 Jul 2022 23:00:27 GMT",
        "Expires": "-1",
        "Pragma": "no-cache",
        "Strict-Transport-Security": "max-age=31536000; includeSubDomains",
        "X-Content-Type-Options": "nosniff",
        "x-ms-correlation-request-id": "d81a4c16-d6f4-4032-a10b-24a486f123dd",
        "x-ms-ratelimit-remaining-subscription-writes": "1190",
        "x-ms-request-id": "d81a4c16-d6f4-4032-a10b-24a486f123dd",
        "x-ms-routing-request-id": "WESTCENTRALUS:20220721T230027Z:d81a4c16-d6f4-4032-a10b-24a486f123dd"
      },
      "ResponseBody": {
        "id": "/subscriptions/db1ab6f0-4769-4b27-930e-01e2ef9c123c/tagNames/tagName9760",
        "tagName": "tagName9760",
        "count": {
          "type": "Total",
          "value": 0
        },
        "values": []
      }
    },
    {
      "RequestUri": "https://management.azure.com/subscriptions/db1ab6f0-4769-4b27-930e-01e2ef9c123c/tagNames?api-version=2021-04-01",
      "RequestMethod": "GET",
      "RequestHeaders": {
        "Accept": "application/json",
        "Authorization": "Sanitized",
        "traceparent": "00-4a873e17acdbf94f4efbb6b7ea5b6e81-f7944a0a1f4f06d7-00",
        "User-Agent": "azsdk-net-ResourceManager/1.3.0-alpha.20220721.1 (.NET 6.0.7; Microsoft Windows 10.0.17763)",
        "x-ms-client-request-id": "49171b9097fc46ca77d31b125845f5f2",
        "x-ms-return-client-request-id": "true"
      },
      "RequestBody": null,
      "StatusCode": 200,
      "ResponseHeaders": {
        "Cache-Control": "no-cache",
        "Content-Length": "8330",
        "Content-Type": "application/json; charset=utf-8",
        "Date": "Thu, 21 Jul 2022 23:00:27 GMT",
        "Expires": "-1",
        "Pragma": "no-cache",
        "Strict-Transport-Security": "max-age=31536000; includeSubDomains",
        "X-Content-Type-Options": "nosniff",
        "x-ms-correlation-request-id": "a75250ac-2f77-4949-8394-f52548becf0b",
        "x-ms-ratelimit-remaining-subscription-reads": "11977",
        "x-ms-request-id": "a75250ac-2f77-4949-8394-f52548becf0b",
        "x-ms-routing-request-id": "WESTCENTRALUS:20220721T230027Z:a75250ac-2f77-4949-8394-f52548becf0b"
      },
      "ResponseBody": {
        "value": [
          {
            "id": "/subscriptions/db1ab6f0-4769-4b27-930e-01e2ef9c123c/tagNames/defaultExperience",
            "tagName": "defaultExperience",
            "count": {
              "type": "Total",
              "value": 2
            },
            "values": [
              {
                "id": "/subscriptions/db1ab6f0-4769-4b27-930e-01e2ef9c123c/tagNames/defaultExperience/tagValues/Azure Cosmos DB for MongoDB API",
                "tagValue": "Azure Cosmos DB for MongoDB API",
                "count": {
                  "type": "Total",
                  "value": 1
                }
              },
              {
                "id": "/subscriptions/db1ab6f0-4769-4b27-930e-01e2ef9c123c/tagNames/defaultExperience/tagValues/Azure Table",
                "tagValue": "Azure Table",
                "count": {
                  "type": "Total",
                  "value": 1
                }
              }
            ]
          },
          {
            "id": "/subscriptions/db1ab6f0-4769-4b27-930e-01e2ef9c123c/tagNames/tag1",
            "tagName": "tag1",
            "count": {
              "type": "Total",
              "value": 2
            },
            "values": [
              {
                "id": "/subscriptions/db1ab6f0-4769-4b27-930e-01e2ef9c123c/tagNames/tag1/tagValues/value1",
                "tagValue": "value1",
                "count": {
                  "type": "Total",
                  "value": 2
                }
              }
            ]
          },
          {
            "id": "/subscriptions/db1ab6f0-4769-4b27-930e-01e2ef9c123c/tagNames/tag2",
            "tagName": "tag2",
            "count": {
              "type": "Total",
              "value": 2
            },
            "values": [
              {
                "id": "/subscriptions/db1ab6f0-4769-4b27-930e-01e2ef9c123c/tagNames/tag2/tagValues/value2",
                "tagValue": "value2",
                "count": {
                  "type": "Total",
                  "value": 2
                }
              }
            ]
          },
          {
            "id": "/subscriptions/db1ab6f0-4769-4b27-930e-01e2ef9c123c/tagNames/azsecpack",
            "tagName": "azsecpack",
            "count": {
              "type": "Total",
              "value": 2
            },
            "values": [
              {
                "id": "/subscriptions/db1ab6f0-4769-4b27-930e-01e2ef9c123c/tagNames/azsecpack/tagValues/nonprod",
                "tagValue": "nonprod",
                "count": {
                  "type": "Total",
                  "value": 2
                }
              }
            ]
          },
          {
            "id": "/subscriptions/db1ab6f0-4769-4b27-930e-01e2ef9c123c/tagNames/platformsettings.host_environment.service.platform_optedin_for_rootcerts",
            "tagName": "platformsettings.host_environment.service.platform_optedin_for_rootcerts",
            "count": {
              "type": "Total",
              "value": 2
            },
            "values": [
              {
                "id": "/subscriptions/db1ab6f0-4769-4b27-930e-01e2ef9c123c/tagNames/platformsettings.host_environment.service.platform_optedin_for_rootcerts/tagValues/true",
                "tagValue": "true",
                "count": {
                  "type": "Total",
                  "value": 2
                }
              }
            ]
          },
          {
            "id": "/subscriptions/db1ab6f0-4769-4b27-930e-01e2ef9c123c/tagNames/Creator",
            "tagName": "Creator",
            "count": {
              "type": "Total",
              "value": 4
            },
            "values": [
              {
                "id": "/subscriptions/db1ab6f0-4769-4b27-930e-01e2ef9c123c/tagNames/Creator/tagValues/Automatically added by NRMS Azure Policy",
                "tagValue": "Automatically added by NRMS Azure Policy",
                "count": {
                  "type": "Total",
                  "value": 4
                }
              }
            ]
          },
          {
            "id": "/subscriptions/db1ab6f0-4769-4b27-930e-01e2ef9c123c/tagNames/NRMS-Info",
            "tagName": "NRMS-Info",
            "count": {
              "type": "Total",
              "value": 4
            },
            "values": [
              {
                "id": "/subscriptions/db1ab6f0-4769-4b27-930e-01e2ef9c123c/tagNames/NRMS-Info/tagValues/http://aka.ms/nrms",
                "tagValue": "http://aka.ms/nrms",
                "count": {
                  "type": "Total",
                  "value": 4
                }
              }
            ]
          },
          {
            "id": "/subscriptions/db1ab6f0-4769-4b27-930e-01e2ef9c123c/tagNames/NRMS-Version",
            "tagName": "NRMS-Version",
            "count": {
              "type": "Total",
              "value": 4
            },
            "values": [
              {
                "id": "/subscriptions/db1ab6f0-4769-4b27-930e-01e2ef9c123c/tagNames/NRMS-Version/tagValues/2019-03-20",
                "tagValue": "2019-03-20",
                "count": {
                  "type": "Total",
                  "value": 4
                }
              }
            ]
          },
          {
            "id": "/subscriptions/db1ab6f0-4769-4b27-930e-01e2ef9c123c/tagNames/key1",
            "tagName": "key1",
            "count": {
              "type": "Total",
              "value": 10
            },
            "values": [
              {
                "id": "/subscriptions/db1ab6f0-4769-4b27-930e-01e2ef9c123c/tagNames/key1/tagValues/value1",
                "tagValue": "value1",
                "count": {
                  "type": "Total",
                  "value": 10
                }
              }
            ]
          },
          {
            "id": "/subscriptions/db1ab6f0-4769-4b27-930e-01e2ef9c123c/tagNames/key2",
            "tagName": "key2",
            "count": {
              "type": "Total",
              "value": 10
            },
            "values": [
              {
                "id": "/subscriptions/db1ab6f0-4769-4b27-930e-01e2ef9c123c/tagNames/key2/tagValues/value2",
                "tagValue": "value2",
                "count": {
                  "type": "Total",
                  "value": 10
                }
              }
            ]
          },
          {
            "id": "/subscriptions/db1ab6f0-4769-4b27-930e-01e2ef9c123c/tagNames/myDb",
            "tagName": "myDb",
            "count": {
              "type": "Total",
              "value": 2
            },
            "values": [
              {
                "id": "/subscriptions/db1ab6f0-4769-4b27-930e-01e2ef9c123c/tagNames/myDb/tagValues/ok",
                "tagValue": "ok",
                "count": {
                  "type": "Total",
                  "value": 2
                }
              }
            ]
          },
          {
            "id": "/subscriptions/db1ab6f0-4769-4b27-930e-01e2ef9c123c/tagNames/PredefinedTag1",
            "tagName": "PredefinedTag1",
            "count": {
              "type": "Total",
              "value": 0
            },
            "values": [
              {
                "id": "/subscriptions/db1ab6f0-4769-4b27-930e-01e2ef9c123c/tagNames/PredefinedTag1/tagValues/DefaultValue",
                "tagValue": "DefaultValue",
                "count": {
                  "type": "Total",
                  "value": 0
                }
              }
            ]
          },
          {
            "id": "/subscriptions/db1ab6f0-4769-4b27-930e-01e2ef9c123c/tagNames/test",
            "tagName": "test",
            "count": {
              "type": "Total",
              "value": 21
            },
            "values": [
              {
                "id": "/subscriptions/db1ab6f0-4769-4b27-930e-01e2ef9c123c/tagNames/test/tagValues/env",
                "tagValue": "env",
                "count": {
                  "type": "Total",
                  "value": 21
                }
              }
            ]
          },
          {
            "id": "/subscriptions/db1ab6f0-4769-4b27-930e-01e2ef9c123c/tagNames/TagKey-9823",
            "tagName": "TagKey-9823",
            "count": {
              "type": "Total",
              "value": 1
            },
            "values": [
              {
                "id": "/subscriptions/db1ab6f0-4769-4b27-930e-01e2ef9c123c/tagNames/TagKey-9823/tagValues/TagValue-566",
                "tagValue": "TagValue-566",
                "count": {
                  "type": "Total",
                  "value": 1
                }
              }
            ]
          },
          {
            "id": "/subscriptions/db1ab6f0-4769-4b27-930e-01e2ef9c123c/tagNames/TagKey-3481",
            "tagName": "TagKey-3481",
            "count": {
              "type": "Total",
              "value": 1
            },
            "values": [
              {
                "id": "/subscriptions/db1ab6f0-4769-4b27-930e-01e2ef9c123c/tagNames/TagKey-3481/tagValues/TagValue-320",
                "tagValue": "TagValue-320",
                "count": {
                  "type": "Total",
                  "value": 1
                }
              }
            ]
          },
          {
            "id": "/subscriptions/db1ab6f0-4769-4b27-930e-01e2ef9c123c/tagNames/TagKey-4926",
            "tagName": "TagKey-4926",
            "count": {
              "type": "Total",
              "value": 1
            },
            "values": [
              {
                "id": "/subscriptions/db1ab6f0-4769-4b27-930e-01e2ef9c123c/tagNames/TagKey-4926/tagValues/TagValue-1187",
                "tagValue": "TagValue-1187",
                "count": {
                  "type": "Total",
                  "value": 1
                }
              }
            ]
          },
          {
            "id": "/subscriptions/db1ab6f0-4769-4b27-930e-01e2ef9c123c/tagNames/TagKey-751",
            "tagName": "TagKey-751",
            "count": {
              "type": "Total",
              "value": 1
            },
            "values": [
              {
                "id": "/subscriptions/db1ab6f0-4769-4b27-930e-01e2ef9c123c/tagNames/TagKey-751/tagValues/TagValue-3921",
                "tagValue": "TagValue-3921",
                "count": {
                  "type": "Total",
                  "value": 1
                }
              }
            ]
          },
          {
            "id": "/subscriptions/db1ab6f0-4769-4b27-930e-01e2ef9c123c/tagNames/TagKey-1866",
            "tagName": "TagKey-1866",
            "count": {
              "type": "Total",
              "value": 1
            },
            "values": [
              {
                "id": "/subscriptions/db1ab6f0-4769-4b27-930e-01e2ef9c123c/tagNames/TagKey-1866/tagValues/TagValue-8559",
                "tagValue": "TagValue-8559",
                "count": {
                  "type": "Total",
                  "value": 1
                }
              }
            ]
          },
          {
            "id": "/subscriptions/db1ab6f0-4769-4b27-930e-01e2ef9c123c/tagNames/TagKey-3094",
            "tagName": "TagKey-3094",
            "count": {
              "type": "Total",
              "value": 1
            },
            "values": [
              {
                "id": "/subscriptions/db1ab6f0-4769-4b27-930e-01e2ef9c123c/tagNames/TagKey-3094/tagValues/TagValue-9190",
                "tagValue": "TagValue-9190",
                "count": {
                  "type": "Total",
                  "value": 1
                }
              }
            ]
          },
          {
            "id": "/subscriptions/db1ab6f0-4769-4b27-930e-01e2ef9c123c/tagNames/TagKey-2449",
            "tagName": "TagKey-2449",
            "count": {
              "type": "Total",
              "value": 1
            },
            "values": [
              {
                "id": "/subscriptions/db1ab6f0-4769-4b27-930e-01e2ef9c123c/tagNames/TagKey-2449/tagValues/TagValue-9",
                "tagValue": "TagValue-9",
                "count": {
                  "type": "Total",
                  "value": 1
                }
              }
            ]
          },
          {
            "id": "/subscriptions/db1ab6f0-4769-4b27-930e-01e2ef9c123c/tagNames/TagKey-8379",
            "tagName": "TagKey-8379",
            "count": {
              "type": "Total",
              "value": 1
            },
            "values": [
              {
                "id": "/subscriptions/db1ab6f0-4769-4b27-930e-01e2ef9c123c/tagNames/TagKey-8379/tagValues/TagValue-164",
                "tagValue": "TagValue-164",
                "count": {
                  "type": "Total",
                  "value": 1
                }
              }
            ]
          },
          {
            "id": "/subscriptions/db1ab6f0-4769-4b27-930e-01e2ef9c123c/tagNames/TagKey-7470",
            "tagName": "TagKey-7470",
            "count": {
              "type": "Total",
              "value": 1
            },
            "values": [
              {
                "id": "/subscriptions/db1ab6f0-4769-4b27-930e-01e2ef9c123c/tagNames/TagKey-7470/tagValues/TagValue-2205",
                "tagValue": "TagValue-2205",
                "count": {
                  "type": "Total",
                  "value": 1
                }
              }
            ]
          },
          {
            "id": "/subscriptions/db1ab6f0-4769-4b27-930e-01e2ef9c123c/tagNames/TagKey-4236",
            "tagName": "TagKey-4236",
            "count": {
              "type": "Total",
              "value": 1
            },
            "values": [
              {
                "id": "/subscriptions/db1ab6f0-4769-4b27-930e-01e2ef9c123c/tagNames/TagKey-4236/tagValues/TagValue-3698",
                "tagValue": "TagValue-3698",
                "count": {
                  "type": "Total",
                  "value": 1
                }
              }
            ]
          },
          {
            "id": "/subscriptions/db1ab6f0-4769-4b27-930e-01e2ef9c123c/tagNames/TagKey-5316",
            "tagName": "TagKey-5316",
            "count": {
              "type": "Total",
              "value": 1
            },
            "values": [
              {
                "id": "/subscriptions/db1ab6f0-4769-4b27-930e-01e2ef9c123c/tagNames/TagKey-5316/tagValues/TagValue-2725",
                "tagValue": "TagValue-2725",
                "count": {
                  "type": "Total",
                  "value": 1
                }
              }
            ]
          },
          {
            "id": "/subscriptions/db1ab6f0-4769-4b27-930e-01e2ef9c123c/tagNames/csmtg7063",
            "tagName": "csmtg7063",
            "count": {
              "type": "Total",
              "value": 0
            },
            "values": []
          },
          {
            "id": "/subscriptions/db1ab6f0-4769-4b27-930e-01e2ef9c123c/tagNames/csmtg9684",
            "tagName": "csmtg9684",
            "count": {
              "type": "Total",
              "value": 0
            },
            "values": []
          },
          {
            "id": "/subscriptions/db1ab6f0-4769-4b27-930e-01e2ef9c123c/tagNames/tagName9760",
            "tagName": "tagName9760",
            "count": {
              "type": "Total",
              "value": 0
            },
            "values": []
          }
        ]
      }
    },
    {
      "RequestUri": "https://management.azure.com/subscriptions/db1ab6f0-4769-4b27-930e-01e2ef9c123c/tagNames/tagName9760?api-version=2021-04-01",
      "RequestMethod": "DELETE",
      "RequestHeaders": {
        "Accept": "application/json",
        "Authorization": "Sanitized",
        "traceparent": "00-1a73fe6cffcd414aa3ba122b6f8513c2-5785510c98f5fd16-00",
        "User-Agent": "azsdk-net-ResourceManager/1.3.0-alpha.20220721.1 (.NET 6.0.7; Microsoft Windows 10.0.17763)",
        "x-ms-client-request-id": "3439c4b38deddaa3232dc9890a8fe73b",
        "x-ms-return-client-request-id": "true"
      },
      "RequestBody": null,
      "StatusCode": 200,
      "ResponseHeaders": {
        "Cache-Control": "no-cache",
        "Content-Length": "0",
        "Date": "Thu, 21 Jul 2022 23:00:27 GMT",
        "Expires": "-1",
        "Pragma": "no-cache",
        "Strict-Transport-Security": "max-age=31536000; includeSubDomains",
        "X-Content-Type-Options": "nosniff",
        "x-ms-correlation-request-id": "9922e1f6-328f-4e1d-971c-a70d906ea656",
        "x-ms-ratelimit-remaining-subscription-deletes": "14990",
        "x-ms-request-id": "9922e1f6-328f-4e1d-971c-a70d906ea656",
        "x-ms-routing-request-id": "WESTCENTRALUS:20220721T230028Z:9922e1f6-328f-4e1d-971c-a70d906ea656"
      },
      "ResponseBody": null
    }
  ],
  "Variables": {
    "AZURE_AUTHORITY_HOST": "https://login.microsoftonline.com",
    "RandomSeed": "1782745357",
    "RESOURCE_MANAGER_URL": null,
    "SUBSCRIPTION_ID": "db1ab6f0-4769-4b27-930e-01e2ef9c123c"
  }
}
