{
  "Entries": [
    {
      "RequestUri": "https://management.azure.com/subscriptions/db1ab6f0-4769-4b27-930e-01e2ef9c123c?api-version=2021-01-01",
      "RequestMethod": "GET",
      "RequestHeaders": {
        "Accept": "application/json",
        "Authorization": "Sanitized",
        "traceparent": "00-f462a2d0ee596f8419363fd12233f130-4c5c6a4847da7f76-00",
        "User-Agent": "azsdk-net-ResourceManager/1.2.1 (.NET 6.0.7; Microsoft Windows 10.0.17763)",
        "x-ms-client-request-id": "806fa6f921ec1f7714b38341d3e7a777",
        "x-ms-return-client-request-id": "true"
      },
      "RequestBody": null,
      "StatusCode": 200,
      "ResponseHeaders": {
        "Cache-Control": "no-cache",
        "Content-Length": "747",
        "Content-Type": "application/json; charset=utf-8",
        "Date": "Fri, 05 Aug 2022 00:53:03 GMT",
        "Expires": "-1",
        "Pragma": "no-cache",
        "Strict-Transport-Security": "max-age=31536000; includeSubDomains",
        "X-Content-Type-Options": "nosniff",
        "x-ms-correlation-request-id": "9f6c8d6d-7e37-420f-8f4f-485c8c7e057a",
        "x-ms-ratelimit-remaining-subscription-reads": "11928",
        "x-ms-request-id": "9f6c8d6d-7e37-420f-8f4f-485c8c7e057a",
        "x-ms-routing-request-id": "WESTUS:20220805T005303Z:9f6c8d6d-7e37-420f-8f4f-485c8c7e057a"
      },
      "ResponseBody": {
        "id": "/subscriptions/db1ab6f0-4769-4b27-930e-01e2ef9c123c",
        "authorizationSource": "RoleBased",
        "managedByTenants": [],
        "tags": {
          "TagKey-9823": "TagValue-566",
          "TagKey-3481": "TagValue-320",
          "TagKey-4926": "TagValue-1187",
          "TagKey-751": "TagValue-3921",
          "TagKey-1866": "TagValue-8559",
          "TagKey-3094": "TagValue-9190",
          "TagKey-2449": "TagValue-9",
          "TagKey-8379": "TagValue-164",
          "TagKey-7470": "TagValue-2205",
          "TagKey-4236": "TagValue-3698",
          "TagKey-5316": "TagValue-2725"
        },
        "subscriptionId": "db1ab6f0-4769-4b27-930e-01e2ef9c123c",
        "tenantId": "72f988bf-86f1-41af-91ab-2d7cd011db47",
        "displayName": ".NET Mgmt SDK Test with TTL = 1 Day",
        "state": "Enabled",
        "subscriptionPolicies": {
          "locationPlacementId": "Internal_2014-09-01",
          "quotaId": "Internal_2014-09-01",
          "spendingLimit": "Off"
        }
      }
    },
    {
      "RequestUri": "https://management.azure.com/subscriptions/db1ab6f0-4769-4b27-930e-01e2ef9c123c/resourcegroups/teststorageRG-9043?api-version=2021-04-01",
      "RequestMethod": "PUT",
      "RequestHeaders": {
        "Accept": "application/json",
        "Authorization": "Sanitized",
        "Content-Length": "44",
        "Content-Type": "application/json",
        "traceparent": "00-5f35b6699c1d2d4777ef1c6dcb1d8464-9fab0db87f7daca1-00",
        "User-Agent": "azsdk-net-ResourceManager/1.2.1 (.NET 6.0.7; Microsoft Windows 10.0.17763)",
        "x-ms-client-request-id": "4174de977ed4c7f1845d041c1af8d3ad",
        "x-ms-return-client-request-id": "true"
      },
      "RequestBody": {
        "tags": {
          "test": "env"
        },
        "location": "eastus2"
      },
      "StatusCode": 201,
      "ResponseHeaders": {
        "Cache-Control": "no-cache",
        "Content-Length": "256",
        "Content-Type": "application/json; charset=utf-8",
        "Date": "Fri, 05 Aug 2022 00:53:04 GMT",
        "Expires": "-1",
        "Pragma": "no-cache",
        "Strict-Transport-Security": "max-age=31536000; includeSubDomains",
        "X-Content-Type-Options": "nosniff",
        "x-ms-correlation-request-id": "cbcc22bb-d965-4979-9d32-76bebc3e0677",
        "x-ms-ratelimit-remaining-subscription-writes": "1168",
        "x-ms-request-id": "cbcc22bb-d965-4979-9d32-76bebc3e0677",
        "x-ms-routing-request-id": "WESTUS:20220805T005304Z:cbcc22bb-d965-4979-9d32-76bebc3e0677"
      },
      "ResponseBody": {
        "id": "/subscriptions/db1ab6f0-4769-4b27-930e-01e2ef9c123c/resourceGroups/teststorageRG-9043",
        "name": "teststorageRG-9043",
        "type": "Microsoft.Resources/resourceGroups",
        "location": "eastus2",
        "tags": {
          "test": "env"
        },
        "properties": {
          "provisioningState": "Succeeded"
        }
      }
    },
    {
      "RequestUri": "https://management.azure.com/subscriptions/db1ab6f0-4769-4b27-930e-01e2ef9c123c/providers/Microsoft.Storage/checkNameAvailability?api-version=2021-09-01",
      "RequestMethod": "POST",
      "RequestHeaders": {
        "Accept": "application/json",
        "Authorization": "Sanitized",
        "Content-Length": "73",
        "Content-Type": "application/json",
        "traceparent": "00-d68732a793a53944819f084991fd1a8d-5a0a66bc31cf8905-00",
        "User-Agent": "azsdk-net-ResourceManager.Storage/1.0.0-alpha.20220804.1 (.NET 6.0.7; Microsoft Windows 10.0.17763)",
        "x-ms-client-request-id": "64c9cbada7050f9b30b2b82054d4b3ea",
        "x-ms-return-client-request-id": "true"
      },
      "RequestBody": {
        "name": "teststoragemgmt4020",
        "type": "Microsoft.Storage/storageAccounts"
      },
      "StatusCode": 200,
      "ResponseHeaders": {
        "Cache-Control": "no-cache",
        "Content-Length": "22",
        "Content-Type": "application/json",
        "Date": "Fri, 05 Aug 2022 00:53:04 GMT",
        "Expires": "-1",
        "Pragma": "no-cache",
        "Server": "Microsoft-Azure-Storage-Resource-Provider/1.0,Microsoft-HTTPAPI/2.0 Microsoft-HTTPAPI/2.0",
        "Strict-Transport-Security": "max-age=31536000; includeSubDomains",
        "X-Content-Type-Options": "nosniff",
        "x-ms-client-request-id": "64c9cbada7050f9b30b2b82054d4b3ea",
        "x-ms-correlation-request-id": "f7a85a33-72ca-4e66-b52e-8eea539d5f65",
        "x-ms-ratelimit-remaining-subscription-reads": "11927",
        "x-ms-request-id": "9977b973-436a-421a-aa49-fb9832d93a9c",
        "x-ms-routing-request-id": "WESTUS:20220805T005305Z:f7a85a33-72ca-4e66-b52e-8eea539d5f65"
      },
      "ResponseBody": {
        "nameAvailable": true
      }
    },
    {
      "RequestUri": "https://management.azure.com/subscriptions/db1ab6f0-4769-4b27-930e-01e2ef9c123c/resourceGroups/teststorageRG-9043/providers/Microsoft.Storage/storageAccounts/teststoragemgmt4020?api-version=2021-09-01",
      "RequestMethod": "PUT",
      "RequestHeaders": {
        "Accept": "application/json",
        "Authorization": "Sanitized",
        "Content-Length": "126",
        "Content-Type": "application/json",
        "traceparent": "00-d8eda2446138ce8ac1d439e1ba121712-cfccbfd461f77e5c-00",
        "User-Agent": "azsdk-net-ResourceManager.Storage/1.0.0-alpha.20220804.1 (.NET 6.0.7; Microsoft Windows 10.0.17763)",
        "x-ms-client-request-id": "6076f36e25da7d28b968c47303f9baaf",
        "x-ms-return-client-request-id": "true"
      },
      "RequestBody": {
        "sku": {
          "name": "Standard_GRS"
        },
        "kind": "Storage",
        "location": "eastus2",
        "tags": {
          "key1": "value1",
          "key2": "value2"
        },
        "properties": {}
      },
      "StatusCode": 202,
      "ResponseHeaders": {
        "Cache-Control": "no-cache",
        "Content-Length": "0",
        "Content-Type": "text/plain; charset=utf-8",
        "Date": "Fri, 05 Aug 2022 00:53:07 GMT",
        "Expires": "-1",
        "Location": "https://management.azure.com/subscriptions/db1ab6f0-4769-4b27-930e-01e2ef9c123c/providers/Microsoft.Storage/locations/eastus2/asyncoperations/e9da75b6-c704-409e-bc1d-ff0806da6877?monitor=true\u0026api-version=2021-09-01",
        "Pragma": "no-cache",
        "Retry-After": "17",
        "Server": "Microsoft-Azure-Storage-Resource-Provider/1.0,Microsoft-HTTPAPI/2.0 Microsoft-HTTPAPI/2.0",
        "Strict-Transport-Security": "max-age=31536000; includeSubDomains",
        "X-Content-Type-Options": "nosniff",
        "x-ms-client-request-id": "6076f36e25da7d28b968c47303f9baaf",
        "x-ms-correlation-request-id": "3dce2bfd-7b6c-4d46-b8e3-38aef33ad836",
        "x-ms-ratelimit-remaining-subscription-writes": "1167",
        "x-ms-request-id": "e9da75b6-c704-409e-bc1d-ff0806da6877",
        "x-ms-routing-request-id": "WESTUS:20220805T005307Z:3dce2bfd-7b6c-4d46-b8e3-38aef33ad836"
      },
      "ResponseBody": null
    },
    {
      "RequestUri": "https://management.azure.com/subscriptions/db1ab6f0-4769-4b27-930e-01e2ef9c123c/providers/Microsoft.Storage/locations/eastus2/asyncoperations/e9da75b6-c704-409e-bc1d-ff0806da6877?monitor=true\u0026api-version=2021-09-01",
      "RequestMethod": "GET",
      "RequestHeaders": {
        "Authorization": "Sanitized",
        "traceparent": "00-d8eda2446138ce8ac1d439e1ba121712-f5b091538aff6527-00",
        "User-Agent": "azsdk-net-ResourceManager/1.2.1 (.NET 6.0.7; Microsoft Windows 10.0.17763)",
        "x-ms-client-request-id": "05ac31514c5d874da34cab9de2280c36",
        "x-ms-return-client-request-id": "true"
      },
      "RequestBody": null,
      "StatusCode": 202,
      "ResponseHeaders": {
        "Cache-Control": "no-cache",
        "Content-Length": "0",
        "Content-Type": "text/plain; charset=utf-8",
        "Date": "Fri, 05 Aug 2022 00:53:07 GMT",
        "Expires": "-1",
        "Location": "https://management.azure.com/subscriptions/db1ab6f0-4769-4b27-930e-01e2ef9c123c/providers/Microsoft.Storage/locations/eastus2/asyncoperations/e9da75b6-c704-409e-bc1d-ff0806da6877?monitor=true\u0026api-version=2021-09-01",
        "Pragma": "no-cache",
        "Retry-After": "17",
        "Server": "Microsoft-Azure-Storage-Resource-Provider/1.0,Microsoft-HTTPAPI/2.0 Microsoft-HTTPAPI/2.0",
        "Strict-Transport-Security": "max-age=31536000; includeSubDomains",
        "X-Content-Type-Options": "nosniff",
        "x-ms-client-request-id": "05ac31514c5d874da34cab9de2280c36",
        "x-ms-correlation-request-id": "3027d0da-043c-4a86-8fcd-22afaa6e70ee",
        "x-ms-ratelimit-remaining-subscription-reads": "11926",
        "x-ms-request-id": "007b0909-0fc3-4b11-bce0-fcff1dda2eeb",
        "x-ms-routing-request-id": "WESTUS:20220805T005307Z:3027d0da-043c-4a86-8fcd-22afaa6e70ee"
      },
      "ResponseBody": null
    },
    {
      "RequestUri": "https://management.azure.com/subscriptions/db1ab6f0-4769-4b27-930e-01e2ef9c123c/providers/Microsoft.Storage/locations/eastus2/asyncoperations/e9da75b6-c704-409e-bc1d-ff0806da6877?monitor=true\u0026api-version=2021-09-01",
      "RequestMethod": "GET",
      "RequestHeaders": {
        "Authorization": "Sanitized",
        "traceparent": "00-d8eda2446138ce8ac1d439e1ba121712-dc2b206b9ed110f5-00",
        "User-Agent": "azsdk-net-ResourceManager/1.2.1 (.NET 6.0.7; Microsoft Windows 10.0.17763)",
        "x-ms-client-request-id": "a88c08f7d899f53c603f87a8805c4412",
        "x-ms-return-client-request-id": "true"
      },
      "RequestBody": null,
      "StatusCode": 200,
      "ResponseHeaders": {
        "Cache-Control": "no-cache",
        "Content-Length": "1404",
        "Content-Type": "application/json",
        "Date": "Fri, 05 Aug 2022 00:53:24 GMT",
        "Expires": "-1",
        "Pragma": "no-cache",
        "Server": "Microsoft-Azure-Storage-Resource-Provider/1.0,Microsoft-HTTPAPI/2.0 Microsoft-HTTPAPI/2.0",
        "Strict-Transport-Security": "max-age=31536000; includeSubDomains",
        "X-Content-Type-Options": "nosniff",
        "x-ms-client-request-id": "a88c08f7d899f53c603f87a8805c4412",
        "x-ms-correlation-request-id": "9c270b45-338b-4a23-a85f-f26a763a5a52",
        "x-ms-ratelimit-remaining-subscription-reads": "11925",
        "x-ms-request-id": "881663b0-db06-4e99-a491-2f8ad99b5ce9",
        "x-ms-routing-request-id": "WESTUS:20220805T005324Z:9c270b45-338b-4a23-a85f-f26a763a5a52"
      },
      "ResponseBody": {
        "sku": {
          "name": "Standard_GRS",
          "tier": "Standard"
        },
        "kind": "Storage",
        "id": "/subscriptions/db1ab6f0-4769-4b27-930e-01e2ef9c123c/resourceGroups/teststorageRG-9043/providers/Microsoft.Storage/storageAccounts/teststoragemgmt4020",
        "name": "teststoragemgmt4020",
        "type": "Microsoft.Storage/storageAccounts",
        "location": "eastus2",
        "tags": {
          "key1": "value1",
          "key2": "value2"
        },
        "properties": {
          "keyCreationTime": {
            "key1": "2022-08-05T00:53:05.9066176Z",
            "key2": "2022-08-05T00:53:05.9066176Z"
          },
          "privateEndpointConnections": [],
          "minimumTlsVersion": "TLS1_0",
          "allowBlobPublicAccess": true,
          "networkAcls": {
            "bypass": "AzureServices",
            "virtualNetworkRules": [],
            "ipRules": [],
            "defaultAction": "Allow"
          },
          "supportsHttpsTrafficOnly": true,
          "encryption": {
            "services": {
              "file": {
                "keyType": "Account",
                "enabled": true,
                "lastEnabledTime": "2022-08-05T00:53:05.9066176Z"
              },
              "blob": {
                "keyType": "Account",
                "enabled": true,
                "lastEnabledTime": "2022-08-05T00:53:05.9066176Z"
              }
            },
            "keySource": "Microsoft.Storage"
          },
          "provisioningState": "Succeeded",
          "creationTime": "2022-08-05T00:53:05.7816140Z",
          "primaryEndpoints": {
            "blob": "https://teststoragemgmt4020.blob.core.windows.net/",
            "queue": "https://teststoragemgmt4020.queue.core.windows.net/",
            "table": "https://teststoragemgmt4020.table.core.windows.net/",
            "file": "https://teststoragemgmt4020.file.core.windows.net/"
          },
          "primaryLocation": "eastus2",
          "statusOfPrimary": "available",
          "secondaryLocation": "centralus",
          "statusOfSecondary": "available"
        }
      }
    },
    {
      "RequestUri": "https://management.azure.com/subscriptions/db1ab6f0-4769-4b27-930e-01e2ef9c123c/resourceGroups/teststorageRG-9043/providers/Microsoft.Storage/storageAccounts/teststoragemgmt4020/queueServices/default?api-version=2021-09-01",
      "RequestMethod": "GET",
      "RequestHeaders": {
        "Accept": "application/json",
        "Authorization": "Sanitized",
        "traceparent": "00-06ad540d91b7b5b9ec6398571897cf3d-3716c8b5e27fa6d2-00",
        "User-Agent": "azsdk-net-ResourceManager.Storage/1.0.0-alpha.20220804.1 (.NET 6.0.7; Microsoft Windows 10.0.17763)",
        "x-ms-client-request-id": "d1213a38b54d47525eb23861cdf554b0",
        "x-ms-return-client-request-id": "true"
      },
      "RequestBody": null,
      "StatusCode": 200,
      "ResponseHeaders": {
        "Cache-Control": "no-cache",
        "Content-Length": "399",
        "Content-Type": "application/json",
        "Date": "Fri, 05 Aug 2022 00:53:24 GMT",
        "Expires": "-1",
        "Pragma": "no-cache",
        "Server": "Microsoft-Azure-Storage-Resource-Provider/1.0,Microsoft-HTTPAPI/2.0 Microsoft-HTTPAPI/2.0",
        "Strict-Transport-Security": "max-age=31536000; includeSubDomains",
        "X-Content-Type-Options": "nosniff",
        "x-ms-client-request-id": "d1213a38b54d47525eb23861cdf554b0",
        "x-ms-correlation-request-id": "167936b4-c378-4866-93ef-6bb4537b54e0",
        "x-ms-ratelimit-remaining-subscription-reads": "11924",
        "x-ms-request-id": "7fda3ded-a5de-49c8-829e-efe0534f8e4b",
        "x-ms-routing-request-id": "WESTUS:20220805T005324Z:167936b4-c378-4866-93ef-6bb4537b54e0"
      },
      "ResponseBody": {
        "id": "/subscriptions/db1ab6f0-4769-4b27-930e-01e2ef9c123c/resourceGroups/teststorageRG-9043/providers/Microsoft.Storage/storageAccounts/teststoragemgmt4020/queueServices/default",
        "name": "default",
        "type": "Microsoft.Storage/storageAccounts/queueServices",
        "properties": {
          "logging": {
            "version": "1.0",
            "delete": false,
            "read": false,
            "write": false,
            "retentionPolicy": {
              "enabled": false
            }
          },
          "cors": {
            "corsRules": []
          }
        }
      }
    },
    {
      "RequestUri": "https://management.azure.com/subscriptions/db1ab6f0-4769-4b27-930e-01e2ef9c123c/resourceGroups/teststorageRG-9043/providers/Microsoft.Storage/storageAccounts/teststoragemgmt4020/queueServices/default/queues/testqueue11235?api-version=2019-06-01",
      "RequestMethod": "PUT",
      "RequestHeaders": {
        "Accept": "application/json",
        "Authorization": "Sanitized",
        "Content-Length": "17",
        "Content-Type": "application/json",
        "traceparent": "00-b3fe1a4e58a832d0b182e6642c039073-4707cecf07a6338f-00",
        "User-Agent": "azsdk-net-ResourceManager.Storage/1.0.0-alpha.20220804.1 (.NET 6.0.7; Microsoft Windows 10.0.17763)",
        "x-ms-client-request-id": "871a30d479efb7f5a41ec5a507460899",
        "x-ms-return-client-request-id": "true"
      },
      "RequestBody": {
        "properties": {}
      },
      "StatusCode": 200,
      "ResponseHeaders": {
        "Cache-Control": "no-cache",
        "Content-Length": "319",
        "Content-Type": "application/json",
        "Date": "Fri, 05 Aug 2022 00:53:24 GMT",
        "Expires": "-1",
        "Pragma": "no-cache",
        "Server": "Microsoft-Azure-Storage-Resource-Provider/1.0,Microsoft-HTTPAPI/2.0 Microsoft-HTTPAPI/2.0",
        "Strict-Transport-Security": "max-age=31536000; includeSubDomains",
        "X-Content-Type-Options": "nosniff",
        "x-ms-client-request-id": "871a30d479efb7f5a41ec5a507460899",
        "x-ms-correlation-request-id": "ee817bb7-6c39-4c71-9ad4-ee2742e59c9a",
        "x-ms-ratelimit-remaining-subscription-writes": "1166",
        "x-ms-request-id": "8e947eda-5c80-45af-b9f8-1317824f95f8",
        "x-ms-routing-request-id": "WESTUS:20220805T005324Z:ee817bb7-6c39-4c71-9ad4-ee2742e59c9a"
      },
      "ResponseBody": {
        "id": "/subscriptions/db1ab6f0-4769-4b27-930e-01e2ef9c123c/resourceGroups/teststorageRG-9043/providers/Microsoft.Storage/storageAccounts/teststoragemgmt4020/queueServices/default/queues/testqueue11235",
        "name": "testqueue11235",
        "type": "Microsoft.Storage/storageAccounts/queueServices/queues",
        "properties": {
          "metadata": {}
        }
      }
    },
    {
      "RequestUri": "https://management.azure.com/subscriptions/db1ab6f0-4769-4b27-930e-01e2ef9c123c/resourceGroups/teststorageRG-9043/providers/Microsoft.Storage/storageAccounts/teststoragemgmt4020/queueServices/default/queues/testqueue2117?api-version=2019-06-01",
      "RequestMethod": "PUT",
      "RequestHeaders": {
        "Accept": "application/json",
        "Authorization": "Sanitized",
        "Content-Length": "17",
        "Content-Type": "application/json",
        "traceparent": "00-1f068a8929035c7e3f03e294fa2f072e-005c9fc8cd888bf2-00",
        "User-Agent": "azsdk-net-ResourceManager.Storage/1.0.0-alpha.20220804.1 (.NET 6.0.7; Microsoft Windows 10.0.17763)",
        "x-ms-client-request-id": "3b06a86442e944b649e69fdb286bebd6",
        "x-ms-return-client-request-id": "true"
      },
      "RequestBody": {
        "properties": {}
      },
      "StatusCode": 200,
      "ResponseHeaders": {
        "Cache-Control": "no-cache",
        "Content-Length": "317",
        "Content-Type": "application/json",
        "Date": "Fri, 05 Aug 2022 00:53:24 GMT",
        "Expires": "-1",
        "Pragma": "no-cache",
        "Server": "Microsoft-Azure-Storage-Resource-Provider/1.0,Microsoft-HTTPAPI/2.0 Microsoft-HTTPAPI/2.0",
        "Strict-Transport-Security": "max-age=31536000; includeSubDomains",
        "X-Content-Type-Options": "nosniff",
        "x-ms-client-request-id": "3b06a86442e944b649e69fdb286bebd6",
        "x-ms-correlation-request-id": "49711f11-200d-412e-b394-29644ef75dee",
        "x-ms-ratelimit-remaining-subscription-writes": "1165",
        "x-ms-request-id": "4349e7ca-5915-4591-8319-c4a6cc37f855",
        "x-ms-routing-request-id": "WESTUS:20220805T005325Z:49711f11-200d-412e-b394-29644ef75dee"
      },
      "ResponseBody": {
        "id": "/subscriptions/db1ab6f0-4769-4b27-930e-01e2ef9c123c/resourceGroups/teststorageRG-9043/providers/Microsoft.Storage/storageAccounts/teststoragemgmt4020/queueServices/default/queues/testqueue2117",
        "name": "testqueue2117",
        "type": "Microsoft.Storage/storageAccounts/queueServices/queues",
        "properties": {
          "metadata": {}
        }
      }
    },
    {
      "RequestUri": "https://management.azure.com/subscriptions/db1ab6f0-4769-4b27-930e-01e2ef9c123c/resourceGroups/teststorageRG-9043/providers/Microsoft.Storage/storageAccounts/teststoragemgmt4020/queueServices/default/queues?api-version=2019-06-01",
      "RequestMethod": "GET",
      "RequestHeaders": {
        "Accept": "application/json",
        "Authorization": "Sanitized",
        "traceparent": "00-b47c8f38b66da93d4f644b447107082d-678d336ac5e4b65e-00",
        "User-Agent": "azsdk-net-ResourceManager.Storage/1.0.0-alpha.20220804.1 (.NET 6.0.7; Microsoft Windows 10.0.17763)",
        "x-ms-client-request-id": "13881283b0f7a84bdc95103482b9abf1",
        "x-ms-return-client-request-id": "true"
      },
      "RequestBody": null,
      "StatusCode": 200,
      "ResponseHeaders": {
        "Cache-Control": "no-cache",
        "Content-Length": "649",
        "Content-Type": "application/json",
        "Date": "Fri, 05 Aug 2022 00:53:25 GMT",
        "Expires": "-1",
        "Pragma": "no-cache",
        "Server": "Microsoft-Azure-Storage-Resource-Provider/1.0,Microsoft-HTTPAPI/2.0 Microsoft-HTTPAPI/2.0",
        "Strict-Transport-Security": "max-age=31536000; includeSubDomains",
        "X-Content-Type-Options": "nosniff",
        "x-ms-client-request-id": "13881283b0f7a84bdc95103482b9abf1",
        "x-ms-correlation-request-id": "183e90ff-f84e-4715-a852-50310122e226",
        "x-ms-ratelimit-remaining-subscription-reads": "11923",
        "x-ms-request-id": "721958dc-db70-467d-8cf2-0b998b2072e0",
        "x-ms-routing-request-id": "WESTUS:20220805T005325Z:183e90ff-f84e-4715-a852-50310122e226"
      },
      "ResponseBody": {
        "value": [
          {
            "id": "/subscriptions/db1ab6f0-4769-4b27-930e-01e2ef9c123c/resourceGroups/teststorageRG-9043/providers/Microsoft.Storage/storageAccounts/teststoragemgmt4020/queueServices/default/queues/testqueue11235",
            "name": "testqueue11235",
            "type": "Microsoft.Storage/storageAccounts/queueServices/queues",
            "properties": {
              "metadata": {}
            }
          },
          {
            "id": "/subscriptions/db1ab6f0-4769-4b27-930e-01e2ef9c123c/resourceGroups/teststorageRG-9043/providers/Microsoft.Storage/storageAccounts/teststoragemgmt4020/queueServices/default/queues/testqueue2117",
            "name": "testqueue2117",
            "type": "Microsoft.Storage/storageAccounts/queueServices/queues",
            "properties": {
              "metadata": {}
            }
          }
        ]
      }
    },
    {
      "RequestUri": "https://management.azure.com/subscriptions/db1ab6f0-4769-4b27-930e-01e2ef9c123c/resourceGroups/teststorageRG-9043/providers/Microsoft.Storage/storageAccounts?api-version=2021-09-01",
      "RequestMethod": "GET",
      "RequestHeaders": {
        "Accept": "application/json",
        "Authorization": "Sanitized",
        "traceparent": "00-9505ba55bbacb1a11c5b488c18613643-6861670bac3017ab-00",
        "User-Agent": "azsdk-net-ResourceManager.Storage/1.0.0-alpha.20220804.1 (.NET 6.0.7; Microsoft Windows 10.0.17763)",
        "x-ms-client-request-id": "ac903359e9aa92847ad63d08d9198f39",
        "x-ms-return-client-request-id": "true"
      },
      "RequestBody": null,
      "StatusCode": 200,
      "ResponseHeaders": {
        "Cache-Control": "no-cache",
        "Content-Length": "1416",
        "Content-Type": "application/json",
        "Date": "Fri, 05 Aug 2022 00:53:25 GMT",
        "Expires": "-1",
        "Pragma": "no-cache",
        "Server": "Microsoft-Azure-Storage-Resource-Provider/1.0,Microsoft-HTTPAPI/2.0 Microsoft-HTTPAPI/2.0",
        "Strict-Transport-Security": "max-age=31536000; includeSubDomains",
        "X-Content-Type-Options": "nosniff",
        "x-ms-client-request-id": "ac903359e9aa92847ad63d08d9198f39",
        "x-ms-correlation-request-id": "15e375ec-498e-4f33-bf71-016bea3fdc6a",
        "x-ms-ratelimit-remaining-subscription-reads": "11922",
        "x-ms-request-id": "848b89d2-9bc2-4463-bacc-858bc69298da",
        "x-ms-routing-request-id": "WESTUS:20220805T005325Z:15e375ec-498e-4f33-bf71-016bea3fdc6a"
      },
      "ResponseBody": {
        "value": [
          {
            "sku": {
              "name": "Standard_GRS",
              "tier": "Standard"
            },
            "kind": "Storage",
            "id": "/subscriptions/db1ab6f0-4769-4b27-930e-01e2ef9c123c/resourceGroups/teststorageRG-9043/providers/Microsoft.Storage/storageAccounts/teststoragemgmt4020",
            "name": "teststoragemgmt4020",
            "type": "Microsoft.Storage/storageAccounts",
            "location": "eastus2",
            "tags": {
              "key1": "value1",
              "key2": "value2"
            },
            "properties": {
              "keyCreationTime": {
                "key1": "2022-08-05T00:53:05.9066176Z",
                "key2": "2022-08-05T00:53:05.9066176Z"
              },
              "privateEndpointConnections": [],
              "minimumTlsVersion": "TLS1_0",
              "allowBlobPublicAccess": true,
              "networkAcls": {
                "bypass": "AzureServices",
                "virtualNetworkRules": [],
                "ipRules": [],
                "defaultAction": "Allow"
              },
              "supportsHttpsTrafficOnly": true,
              "encryption": {
                "services": {
                  "file": {
                    "keyType": "Account",
                    "enabled": true,
                    "lastEnabledTime": "2022-08-05T00:53:05.9066176Z"
                  },
                  "blob": {
                    "keyType": "Account",
                    "enabled": true,
                    "lastEnabledTime": "2022-08-05T00:53:05.9066176Z"
                  }
                },
                "keySource": "Microsoft.Storage"
              },
              "provisioningState": "Succeeded",
              "creationTime": "2022-08-05T00:53:05.7816140Z",
              "primaryEndpoints": {
                "blob": "https://teststoragemgmt4020.blob.core.windows.net/",
                "queue": "https://teststoragemgmt4020.queue.core.windows.net/",
                "table": "https://teststoragemgmt4020.table.core.windows.net/",
                "file": "https://teststoragemgmt4020.file.core.windows.net/"
              },
              "primaryLocation": "eastus2",
              "statusOfPrimary": "available",
              "secondaryLocation": "centralus",
              "statusOfSecondary": "available"
            }
          }
        ]
      }
    },
    {
      "RequestUri": "https://management.azure.com/subscriptions/db1ab6f0-4769-4b27-930e-01e2ef9c123c/resourceGroups/teststorageRG-9043/providers/Microsoft.Storage/storageAccounts/teststoragemgmt4020?api-version=2021-09-01",
      "RequestMethod": "DELETE",
      "RequestHeaders": {
        "Authorization": "Sanitized",
        "traceparent": "00-74842b6a23438764f7266aad58807e8d-c6f2c6b6328e1aac-00",
        "User-Agent": "azsdk-net-ResourceManager.Storage/1.0.0-alpha.20220804.1 (.NET 6.0.7; Microsoft Windows 10.0.17763)",
        "x-ms-client-request-id": "f422ef33f4beb3a25c5e5f543182c190",
        "x-ms-return-client-request-id": "true"
      },
      "RequestBody": null,
      "StatusCode": 200,
      "ResponseHeaders": {
        "Cache-Control": "no-cache",
        "Content-Length": "0",
        "Content-Type": "text/plain; charset=utf-8",
        "Date": "Fri, 05 Aug 2022 00:53:27 GMT",
        "Expires": "-1",
        "Pragma": "no-cache",
        "Server": "Microsoft-Azure-Storage-Resource-Provider/1.0,Microsoft-HTTPAPI/2.0 Microsoft-HTTPAPI/2.0",
        "Strict-Transport-Security": "max-age=31536000; includeSubDomains",
        "X-Content-Type-Options": "nosniff",
        "x-ms-client-request-id": "f422ef33f4beb3a25c5e5f543182c190",
        "x-ms-correlation-request-id": "00c147e9-0aed-44a9-869c-8f1eac7376eb",
        "x-ms-ratelimit-remaining-subscription-deletes": "14987",
        "x-ms-request-id": "be90f154-3ff4-4283-95cc-d350076e8289",
        "x-ms-routing-request-id": "WESTUS:20220805T005328Z:00c147e9-0aed-44a9-869c-8f1eac7376eb"
      },
      "ResponseBody": null
    }
  ],
  "Variables": {
    "AZURE_AUTHORITY_HOST": "https://login.microsoftonline.com",
    "RandomSeed": "842670403",
    "RESOURCE_MANAGER_URL": null,
    "SUBSCRIPTION_ID": "db1ab6f0-4769-4b27-930e-01e2ef9c123c"
  }
}
