{
  "Entries": [
    {
      "RequestUri": "https://management.azure.com/subscriptions/db1ab6f0-4769-4b27-930e-01e2ef9c123c?api-version=2021-01-01",
      "RequestMethod": "GET",
      "RequestHeaders": {
        "Accept": "application/json",
        "Authorization": "Sanitized",
        "traceparent": "00-1b35c8eb40ba5dd3e6af115480ddf600-dfff87aa84f0194f-00",
        "User-Agent": "azsdk-net-ResourceManager/1.2.1 (.NET 6.0.7; Microsoft Windows 10.0.17763)",
        "x-ms-client-request-id": "4cf2cc2fd59eccbedce46a10736a5e7e",
        "x-ms-return-client-request-id": "true"
      },
      "RequestBody": null,
      "StatusCode": 200,
      "ResponseHeaders": {
        "Cache-Control": "no-cache",
        "Content-Length": "747",
        "Content-Type": "application/json; charset=utf-8",
        "Date": "Fri, 05 Aug 2022 01:36:42 GMT",
        "Expires": "-1",
        "Pragma": "no-cache",
        "Strict-Transport-Security": "max-age=31536000; includeSubDomains",
        "X-Content-Type-Options": "nosniff",
        "x-ms-correlation-request-id": "c21c7bc0-1a92-41c6-b48e-1e2674c828d4",
        "x-ms-ratelimit-remaining-subscription-reads": "11833",
        "x-ms-request-id": "c21c7bc0-1a92-41c6-b48e-1e2674c828d4",
        "x-ms-routing-request-id": "WESTUS:20220805T013642Z:c21c7bc0-1a92-41c6-b48e-1e2674c828d4"
      },
      "ResponseBody": {
        "id": "/subscriptions/db1ab6f0-4769-4b27-930e-01e2ef9c123c",
        "authorizationSource": "RoleBased",
        "managedByTenants": [],
        "tags": {
          "TagKey-9823": "TagValue-566",
          "TagKey-3481": "TagValue-320",
          "TagKey-4926": "TagValue-1187",
          "TagKey-751": "TagValue-3921",
          "TagKey-1866": "TagValue-8559",
          "TagKey-3094": "TagValue-9190",
          "TagKey-2449": "TagValue-9",
          "TagKey-8379": "TagValue-164",
          "TagKey-7470": "TagValue-2205",
          "TagKey-4236": "TagValue-3698",
          "TagKey-5316": "TagValue-2725"
        },
        "subscriptionId": "db1ab6f0-4769-4b27-930e-01e2ef9c123c",
        "tenantId": "72f988bf-86f1-41af-91ab-2d7cd011db47",
        "displayName": ".NET Mgmt SDK Test with TTL = 1 Day",
        "state": "Enabled",
        "subscriptionPolicies": {
          "locationPlacementId": "Internal_2014-09-01",
          "quotaId": "Internal_2014-09-01",
          "spendingLimit": "Off"
        }
      }
    },
    {
      "RequestUri": "https://management.azure.com/subscriptions/db1ab6f0-4769-4b27-930e-01e2ef9c123c/resourcegroups/teststorageRG-3256?api-version=2021-04-01",
      "RequestMethod": "PUT",
      "RequestHeaders": {
        "Accept": "application/json",
        "Authorization": "Sanitized",
        "Content-Length": "44",
        "Content-Type": "application/json",
        "traceparent": "00-93bf9c8b4b9c9403bb5dac2e8d39d132-808c1f248a358efc-00",
        "User-Agent": "azsdk-net-ResourceManager/1.2.1 (.NET 6.0.7; Microsoft Windows 10.0.17763)",
        "x-ms-client-request-id": "1a0d7b565deb1371c6bc7f1e3b3bab30",
        "x-ms-return-client-request-id": "true"
      },
      "RequestBody": {
        "tags": {
          "test": "env"
        },
        "location": "eastus2"
      },
      "StatusCode": 201,
      "ResponseHeaders": {
        "Cache-Control": "no-cache",
        "Content-Length": "256",
        "Content-Type": "application/json; charset=utf-8",
        "Date": "Fri, 05 Aug 2022 01:36:43 GMT",
        "Expires": "-1",
        "Pragma": "no-cache",
        "Strict-Transport-Security": "max-age=31536000; includeSubDomains",
        "X-Content-Type-Options": "nosniff",
        "x-ms-correlation-request-id": "64404102-59ac-4b23-b1b8-75feefa9565d",
        "x-ms-ratelimit-remaining-subscription-writes": "1119",
        "x-ms-request-id": "64404102-59ac-4b23-b1b8-75feefa9565d",
        "x-ms-routing-request-id": "WESTUS:20220805T013643Z:64404102-59ac-4b23-b1b8-75feefa9565d"
      },
      "ResponseBody": {
        "id": "/subscriptions/db1ab6f0-4769-4b27-930e-01e2ef9c123c/resourceGroups/teststorageRG-3256",
        "name": "teststorageRG-3256",
        "type": "Microsoft.Resources/resourceGroups",
        "location": "eastus2",
        "tags": {
          "test": "env"
        },
        "properties": {
          "provisioningState": "Succeeded"
        }
      }
    },
    {
      "RequestUri": "https://management.azure.com/subscriptions/db1ab6f0-4769-4b27-930e-01e2ef9c123c/providers/Microsoft.Storage/checkNameAvailability?api-version=2021-04-01",
      "RequestMethod": "POST",
      "RequestHeaders": {
        "Accept": "application/json",
        "Authorization": "Sanitized",
        "Content-Length": "73",
        "Content-Type": "application/json",
        "traceparent": "00-ef4e5efaed917c7a4305d84f15090852-1221cfc9da5daf15-00",
        "User-Agent": "azsdk-net-ResourceManager.Storage/1.0.0-alpha.20220804.1 (.NET 6.0.7; Microsoft Windows 10.0.17763)",
        "x-ms-client-request-id": "0760d25b6223f78c45a3910f067d95cd",
        "x-ms-return-client-request-id": "true"
      },
      "RequestBody": {
        "name": "teststoragemgmt6354",
        "type": "Microsoft.Storage/storageAccounts"
      },
      "StatusCode": 200,
      "ResponseHeaders": {
        "Cache-Control": "no-cache",
        "Content-Length": "22",
        "Content-Type": "application/json",
        "Date": "Fri, 05 Aug 2022 01:36:44 GMT",
        "Expires": "-1",
        "Pragma": "no-cache",
        "Server": "Microsoft-Azure-Storage-Resource-Provider/1.0,Microsoft-HTTPAPI/2.0 Microsoft-HTTPAPI/2.0",
        "Strict-Transport-Security": "max-age=31536000; includeSubDomains",
        "X-Content-Type-Options": "nosniff",
        "x-ms-client-request-id": "0760d25b6223f78c45a3910f067d95cd",
        "x-ms-correlation-request-id": "c8fb9313-5598-4698-8f23-58bfe321d3de",
        "x-ms-ratelimit-remaining-subscription-reads": "11832",
        "x-ms-request-id": "d1e06211-0ecc-4625-9a6d-8fc3679bcd18",
        "x-ms-routing-request-id": "WESTUS:20220805T013644Z:c8fb9313-5598-4698-8f23-58bfe321d3de"
      },
      "ResponseBody": {
        "nameAvailable": true
      }
    },
    {
      "RequestUri": "https://management.azure.com/subscriptions/db1ab6f0-4769-4b27-930e-01e2ef9c123c/resourceGroups/teststorageRG-3256/providers/Microsoft.Storage/storageAccounts/teststoragemgmt6354?api-version=2021-04-01",
      "RequestMethod": "PUT",
      "RequestHeaders": {
        "Accept": "application/json",
        "Authorization": "Sanitized",
        "Content-Length": "163",
        "Content-Type": "application/json",
        "traceparent": "00-e709ed2348999db23135aa00b3933f38-40dd09ec42dcd975-00",
        "User-Agent": "azsdk-net-ResourceManager.Storage/1.0.0-alpha.20220804.1 (.NET 6.0.7; Microsoft Windows 10.0.17763)",
        "x-ms-client-request-id": "fc858a754350816e38d7193faea1a9be",
        "x-ms-return-client-request-id": "true"
      },
      "RequestBody": {
        "sku": {
          "name": "Standard_LRS"
        },
        "kind": "Storage",
        "location": "eastus2",
        "tags": {
          "key1": "value1",
          "key2": "value2"
        },
        "identity": {
          "type": "SystemAssigned"
        },
        "properties": {}
      },
      "StatusCode": 202,
      "ResponseHeaders": {
        "Cache-Control": "no-cache",
        "Content-Length": "0",
        "Content-Type": "text/plain; charset=utf-8",
        "Date": "Fri, 05 Aug 2022 01:36:47 GMT",
        "Expires": "-1",
        "Location": "https://management.azure.com/subscriptions/db1ab6f0-4769-4b27-930e-01e2ef9c123c/providers/Microsoft.Storage/locations/eastus2/asyncoperations/79d50bda-8c4f-4d67-8dd6-2830eaedf512?monitor=true\u0026api-version=2021-04-01",
        "Pragma": "no-cache",
        "Retry-After": "17",
        "Server": "Microsoft-Azure-Storage-Resource-Provider/1.0,Microsoft-HTTPAPI/2.0 Microsoft-HTTPAPI/2.0",
        "Strict-Transport-Security": "max-age=31536000; includeSubDomains",
        "X-Content-Type-Options": "nosniff",
        "x-ms-client-request-id": "fc858a754350816e38d7193faea1a9be",
        "x-ms-correlation-request-id": "278c44c4-2f36-4d20-8838-c88ee7a38ee7",
        "x-ms-ratelimit-remaining-subscription-writes": "1118",
        "x-ms-request-id": "79d50bda-8c4f-4d67-8dd6-2830eaedf512",
        "x-ms-routing-request-id": "WESTUS:20220805T013647Z:278c44c4-2f36-4d20-8838-c88ee7a38ee7"
      },
      "ResponseBody": null
    },
    {
      "RequestUri": "https://management.azure.com/subscriptions/db1ab6f0-4769-4b27-930e-01e2ef9c123c/providers/Microsoft.Storage/locations/eastus2/asyncoperations/79d50bda-8c4f-4d67-8dd6-2830eaedf512?monitor=true\u0026api-version=2021-04-01",
      "RequestMethod": "GET",
      "RequestHeaders": {
        "Authorization": "Sanitized",
        "traceparent": "00-e709ed2348999db23135aa00b3933f38-9e45d2c81acbd89f-00",
        "User-Agent": "azsdk-net-ResourceManager/1.2.1 (.NET 6.0.7; Microsoft Windows 10.0.17763)",
        "x-ms-client-request-id": "b0c650e93425178463decf4c484d48a4",
        "x-ms-return-client-request-id": "true"
      },
      "RequestBody": null,
      "StatusCode": 202,
      "ResponseHeaders": {
        "Cache-Control": "no-cache",
        "Content-Length": "0",
        "Content-Type": "text/plain; charset=utf-8",
        "Date": "Fri, 05 Aug 2022 01:36:47 GMT",
        "Expires": "-1",
        "Location": "https://management.azure.com/subscriptions/db1ab6f0-4769-4b27-930e-01e2ef9c123c/providers/Microsoft.Storage/locations/eastus2/asyncoperations/79d50bda-8c4f-4d67-8dd6-2830eaedf512?monitor=true\u0026api-version=2021-04-01",
        "Pragma": "no-cache",
        "Retry-After": "17",
        "Server": "Microsoft-Azure-Storage-Resource-Provider/1.0,Microsoft-HTTPAPI/2.0 Microsoft-HTTPAPI/2.0",
        "Strict-Transport-Security": "max-age=31536000; includeSubDomains",
        "X-Content-Type-Options": "nosniff",
        "x-ms-client-request-id": "b0c650e93425178463decf4c484d48a4",
        "x-ms-correlation-request-id": "b271eefb-3312-45d5-8812-6119d29a11a0",
        "x-ms-ratelimit-remaining-subscription-reads": "11831",
        "x-ms-request-id": "940cf144-2571-43ac-9dd3-1c12e3c01c19",
        "x-ms-routing-request-id": "WESTUS:20220805T013647Z:b271eefb-3312-45d5-8812-6119d29a11a0"
      },
      "ResponseBody": null
    },
    {
      "RequestUri": "https://management.azure.com/subscriptions/db1ab6f0-4769-4b27-930e-01e2ef9c123c/providers/Microsoft.Storage/locations/eastus2/asyncoperations/79d50bda-8c4f-4d67-8dd6-2830eaedf512?monitor=true\u0026api-version=2021-04-01",
      "RequestMethod": "GET",
      "RequestHeaders": {
        "Authorization": "Sanitized",
        "traceparent": "00-e709ed2348999db23135aa00b3933f38-dab1330cb0440f62-00",
        "User-Agent": "azsdk-net-ResourceManager/1.2.1 (.NET 6.0.7; Microsoft Windows 10.0.17763)",
        "x-ms-client-request-id": "672fd2fa096e84af586c7b2d9db5a133",
        "x-ms-return-client-request-id": "true"
      },
      "RequestBody": null,
      "StatusCode": 200,
      "ResponseHeaders": {
        "Cache-Control": "no-cache",
        "Content-Length": "1422",
        "Content-Type": "application/json",
        "Date": "Fri, 05 Aug 2022 01:37:04 GMT",
        "Expires": "-1",
        "Pragma": "no-cache",
        "Server": "Microsoft-Azure-Storage-Resource-Provider/1.0,Microsoft-HTTPAPI/2.0 Microsoft-HTTPAPI/2.0",
        "Strict-Transport-Security": "max-age=31536000; includeSubDomains",
        "X-Content-Type-Options": "nosniff",
        "x-ms-client-request-id": "672fd2fa096e84af586c7b2d9db5a133",
        "x-ms-correlation-request-id": "4db7e319-b9ea-448c-a25e-0883b0625b36",
        "x-ms-ratelimit-remaining-subscription-reads": "11830",
        "x-ms-request-id": "66b464d2-ed8b-49fa-b297-06a89d7d43fb",
        "x-ms-routing-request-id": "WESTUS:20220805T013704Z:4db7e319-b9ea-448c-a25e-0883b0625b36"
      },
      "ResponseBody": {
        "identity": {
          "principalId": "39fb0d83-d091-40cc-a101-19f79bf7cc2f",
          "tenantId": "72f988bf-86f1-41af-91ab-2d7cd011db47",
          "type": "SystemAssigned"
        },
        "sku": {
          "name": "Standard_LRS",
          "tier": "Standard"
        },
        "kind": "Storage",
        "id": "/subscriptions/db1ab6f0-4769-4b27-930e-01e2ef9c123c/resourceGroups/teststorageRG-3256/providers/Microsoft.Storage/storageAccounts/teststoragemgmt6354",
        "name": "teststoragemgmt6354",
        "type": "Microsoft.Storage/storageAccounts",
        "location": "eastus2",
        "tags": {
          "key1": "value1",
          "key2": "value2"
        },
        "properties": {
          "keyCreationTime": {
            "key1": "2022-08-05T01:36:45.6046187Z",
            "key2": "2022-08-05T01:36:45.6046187Z"
          },
          "privateEndpointConnections": [],
          "networkAcls": {
            "bypass": "AzureServices",
            "virtualNetworkRules": [],
            "ipRules": [],
            "defaultAction": "Allow"
          },
          "supportsHttpsTrafficOnly": true,
          "encryption": {
            "services": {
              "file": {
                "keyType": "Account",
                "enabled": true,
                "lastEnabledTime": "2022-08-05T01:36:45.6202444Z"
              },
              "blob": {
                "keyType": "Account",
                "enabled": true,
                "lastEnabledTime": "2022-08-05T01:36:45.6202444Z"
              }
            },
            "keySource": "Microsoft.Storage"
          },
          "provisioningState": "Succeeded",
          "creationTime": "2022-08-05T01:36:45.4952245Z",
          "primaryEndpoints": {
            "blob": "https://teststoragemgmt6354.blob.core.windows.net/",
            "queue": "https://teststoragemgmt6354.queue.core.windows.net/",
            "table": "https://teststoragemgmt6354.table.core.windows.net/",
            "file": "https://teststoragemgmt6354.file.core.windows.net/"
          },
          "primaryLocation": "eastus2",
          "statusOfPrimary": "available"
        }
      }
    },
    {
      "RequestUri": "https://management.azure.com/subscriptions/db1ab6f0-4769-4b27-930e-01e2ef9c123c/providers/Microsoft.ManagedIdentity?api-version=2021-04-01",
      "RequestMethod": "GET",
      "RequestHeaders": {
        "Accept": "application/json",
        "Authorization": "Sanitized",
        "traceparent": "00-ddfcf234d804b4e9e030dbffb046d8cb-1a9b97c3b22cb119-00",
        "User-Agent": "azsdk-net-ResourceManager/1.2.1 (.NET 6.0.7; Microsoft Windows 10.0.17763)",
        "x-ms-client-request-id": "da5d55db98f81aabf7283f21e6d033d9",
        "x-ms-return-client-request-id": "true"
      },
      "RequestBody": null,
      "StatusCode": 200,
      "ResponseHeaders": {
        "Cache-Control": "no-cache",
        "Content-Length": "2773",
        "Content-Type": "application/json; charset=utf-8",
        "Date": "Fri, 05 Aug 2022 01:37:04 GMT",
        "Expires": "-1",
        "Pragma": "no-cache",
        "Strict-Transport-Security": "max-age=31536000; includeSubDomains",
        "X-Content-Type-Options": "nosniff",
        "x-ms-correlation-request-id": "fa0aed7b-3f5a-4d6d-8981-789011e76b7b",
        "x-ms-ratelimit-remaining-subscription-reads": "11829",
        "x-ms-request-id": "fa0aed7b-3f5a-4d6d-8981-789011e76b7b",
        "x-ms-routing-request-id": "WESTUS:20220805T013704Z:fa0aed7b-3f5a-4d6d-8981-789011e76b7b"
      },
      "ResponseBody": {
        "id": "/subscriptions/db1ab6f0-4769-4b27-930e-01e2ef9c123c/providers/Microsoft.ManagedIdentity",
        "namespace": "Microsoft.ManagedIdentity",
        "resourceTypes": [
          {
            "resourceType": "Identities",
            "locations": [
              "Global",
              "United States",
              "South Africa",
              "UK",
              "Japan",
              "India",
              "France",
              "Europe",
              "Germany",
              "Switzerland",
              "Canada",
              "Brazil",
              "Australia",
              "Asia",
              "UAE",
              "Korea",
              "Norway",
              "South Africa North",
              "South Africa West",
              "UAE North",
              "Australia Central",
              "Australia East",
              "Australia Southeast",
              "Canada Central",
              "Canada East",
              "Brazil South",
              "Central India",
              "West India",
              "Jio India West",
              "South India",
              "Japan West",
              "Japan East",
              "East Asia",
              "Southeast Asia",
              "Korea Central",
              "Korea South",
              "North Europe",
              "Qatar Central",
              "West Europe",
              "UK West",
              "UK South",
              "Sweden Central",
              "Switzerland North",
              "Germany West Central",
              "Central US",
              "North Central US",
              "East US",
              "East US 2",
              "South Central US",
              "West US",
              "West US 2",
              "West US 3",
              "West Central US",
              "France Central",
              "Norway East"
            ],
            "apiVersions": [
              "2022-01-31-PREVIEW",
              "2021-09-30-PREVIEW",
              "2018-11-30",
              "2015-08-31-PREVIEW"
            ],
            "defaultApiVersion": "2018-11-30",
            "capabilities": "SupportsExtension"
          },
          {
            "resourceType": "userAssignedIdentities",
            "locations": [
              "South Africa North",
              "South Africa West",
              "UAE North",
              "Australia Central",
              "Australia East",
              "Australia Southeast",
              "Canada Central",
              "Canada East",
              "Brazil South",
              "Central India",
              "West India",
              "Jio India West",
              "South India",
              "Japan West",
              "Japan East",
              "East Asia",
              "Southeast Asia",
              "Korea Central",
              "Korea South",
              "North Europe",
              "Qatar Central",
              "West Europe",
              "UK West",
              "UK South",
              "Sweden Central",
              "Switzerland North",
              "Germany West Central",
              "Central US",
              "North Central US",
              "East US",
              "East US 2",
              "South Central US",
              "West US",
              "West US 2",
              "West US 3",
              "West Central US",
              "France Central",
              "Norway East"
            ],
            "apiVersions": [
              "2022-01-31-PREVIEW",
              "2021-09-30-PREVIEW",
              "2018-11-30",
              "2015-08-31-PREVIEW"
            ],
            "defaultApiVersion": "2018-11-30",
            "capabilities": "SupportsTags, SupportsLocation"
          },
          {
            "resourceType": "operations",
            "locations": [
              "South Africa North",
              "South Africa West",
              "UAE North",
              "Australia Central",
              "Australia East",
              "Australia Southeast",
              "Canada Central",
              "Canada East",
              "Brazil South",
              "Central India",
              "West India",
              "Jio India West",
              "South India",
              "Japan West",
              "Japan East",
              "East Asia",
              "Southeast Asia",
              "Korea Central",
              "Korea South",
              "North Europe",
              "Qatar Central",
              "West Europe",
              "UK West",
              "UK South",
              "Sweden Central",
              "Switzerland North",
              "Germany West Central",
              "Central US",
              "North Central US",
              "East US",
              "East US 2",
              "South Central US",
              "West US",
              "West US 2",
              "West US 3",
              "West Central US",
              "France Central",
              "Norway East"
            ],
            "apiVersions": [
              "2022-01-31-PREVIEW",
              "2021-09-30-PREVIEW",
              "2018-11-30",
              "2015-08-31-PREVIEW"
            ],
            "defaultApiVersion": "2018-11-30",
            "capabilities": "None"
          }
        ],
        "registrationState": "Registered",
        "registrationPolicy": "RegistrationRequired"
      }
    },
    {
      "RequestUri": "https://management.azure.com/subscriptions/db1ab6f0-4769-4b27-930e-01e2ef9c123c/resourceGroups/teststorageRG-3256/providers/Microsoft.ManagedIdentity/userAssignedIdentities/testMsi-1456?api-version=2022-01-31-PREVIEW",
      "RequestMethod": "PUT",
      "RequestHeaders": {
        "Accept": "application/json",
        "Authorization": "Sanitized",
        "Content-Length": "22",
        "Content-Type": "application/json",
        "traceparent": "00-ddfcf234d804b4e9e030dbffb046d8cb-de31bfd827c24c31-00",
        "User-Agent": "azsdk-net-ResourceManager/1.2.1 (.NET 6.0.7; Microsoft Windows 10.0.17763)",
        "x-ms-client-request-id": "d50dbf01cf58a1e04258b9b85679ae3d",
        "x-ms-return-client-request-id": "true"
      },
      "RequestBody": {
        "location": "eastus2"
      },
      "StatusCode": 201,
      "ResponseHeaders": {
        "Cache-Control": "no-cache",
        "Content-Length": "445",
        "Content-Type": "application/json; charset=utf-8",
        "Date": "Fri, 05 Aug 2022 01:37:05 GMT",
        "Expires": "-1",
        "Location": "/subscriptions/db1ab6f0-4769-4b27-930e-01e2ef9c123c/resourcegroups/teststorageRG-3256/providers/Microsoft.ManagedIdentity/userAssignedIdentities/testMsi-1456",
        "Pragma": "no-cache",
        "Strict-Transport-Security": "max-age=31536000; includeSubDomains",
        "X-Content-Type-Options": "nosniff",
        "x-ms-correlation-request-id": "5a5876f2-e951-42ac-a074-54e2e3f0b670",
        "x-ms-ratelimit-remaining-subscription-writes": "1117",
        "x-ms-request-id": "5a5876f2-e951-42ac-a074-54e2e3f0b670",
        "x-ms-routing-request-id": "WESTUS:20220805T013705Z:5a5876f2-e951-42ac-a074-54e2e3f0b670"
      },
      "ResponseBody": {
        "id": "/subscriptions/db1ab6f0-4769-4b27-930e-01e2ef9c123c/resourcegroups/teststorageRG-3256/providers/Microsoft.ManagedIdentity/userAssignedIdentities/testMsi-1456",
        "name": "testMsi-1456",
        "type": "Microsoft.ManagedIdentity/userAssignedIdentities",
        "location": "eastus2",
        "tags": {},
        "properties": {
          "tenantId": "72f988bf-86f1-41af-91ab-2d7cd011db47",
          "principalId": "c5fd1cc4-d8fa-4bc3-9bc3-f156fc258016",
          "clientId": "3765b95f-d1a6-4724-bfa4-e5f0315fa9d7"
        }
      }
    },
    {
      "RequestUri": "https://management.azure.com/subscriptions/db1ab6f0-4769-4b27-930e-01e2ef9c123c/resourcegroups/teststorageRG-3256/providers/Microsoft.ManagedIdentity/userAssignedIdentities/testMsi-1456?api-version=2022-01-31-PREVIEW",
      "RequestMethod": "GET",
      "RequestHeaders": {
        "Authorization": "Sanitized",
        "traceparent": "00-ddfcf234d804b4e9e030dbffb046d8cb-19968d67fee6c711-00",
        "User-Agent": "azsdk-net-ResourceManager/1.2.1 (.NET 6.0.7; Microsoft Windows 10.0.17763)",
        "x-ms-client-request-id": "f69c53485d940bbe75bc97a0dff3c37d",
        "x-ms-return-client-request-id": "true"
      },
      "RequestBody": null,
      "StatusCode": 200,
      "ResponseHeaders": {
        "Cache-Control": "no-cache",
        "Content-Length": "445",
        "Content-Type": "application/json; charset=utf-8",
        "Date": "Fri, 05 Aug 2022 01:37:05 GMT",
        "Expires": "-1",
        "Pragma": "no-cache",
        "Strict-Transport-Security": "max-age=31536000; includeSubDomains",
        "X-Content-Type-Options": "nosniff",
        "x-ms-correlation-request-id": "5dfc293e-9a59-45f8-bd55-87a1b036c887",
        "x-ms-ratelimit-remaining-subscription-reads": "11828",
        "x-ms-request-id": "5dfc293e-9a59-45f8-bd55-87a1b036c887",
        "x-ms-routing-request-id": "WESTUS:20220805T013705Z:5dfc293e-9a59-45f8-bd55-87a1b036c887"
      },
      "ResponseBody": {
        "id": "/subscriptions/db1ab6f0-4769-4b27-930e-01e2ef9c123c/resourcegroups/teststorageRG-3256/providers/Microsoft.ManagedIdentity/userAssignedIdentities/testMsi-1456",
        "name": "testMsi-1456",
        "type": "Microsoft.ManagedIdentity/userAssignedIdentities",
        "location": "eastus2",
        "tags": {},
        "properties": {
          "tenantId": "72f988bf-86f1-41af-91ab-2d7cd011db47",
          "principalId": "c5fd1cc4-d8fa-4bc3-9bc3-f156fc258016",
          "clientId": "3765b95f-d1a6-4724-bfa4-e5f0315fa9d7"
        }
      }
    },
    {
      "RequestUri": "https://management.azure.com/subscriptions/db1ab6f0-4769-4b27-930e-01e2ef9c123c/resourceGroups/teststorageRG-3256/providers/Microsoft.Storage/storageAccounts/teststoragemgmt6354?api-version=2021-04-01",
      "RequestMethod": "PATCH",
      "RequestHeaders": {
        "Accept": "application/json",
        "Authorization": "Sanitized",
        "Content-Length": "242",
        "Content-Type": "application/json",
        "traceparent": "00-499439673dfeff0b270d26cf8d784152-deb2501017086691-00",
        "User-Agent": "azsdk-net-ResourceManager.Storage/1.0.0-alpha.20220804.1 (.NET 6.0.7; Microsoft Windows 10.0.17763)",
        "x-ms-client-request-id": "b085017a3a6336eebdd2520a58ff31de",
        "x-ms-return-client-request-id": "true"
      },
      "RequestBody": {
        "identity": {
          "type": "UserAssigned",
          "userAssignedIdentities": {
            "/subscriptions/db1ab6f0-4769-4b27-930e-01e2ef9c123c/resourcegroups/teststorageRG-3256/providers/Microsoft.ManagedIdentity/userAssignedIdentities/testMsi-1456": {}
          }
        },
        "properties": {}
      },
      "StatusCode": 200,
      "ResponseHeaders": {
        "Cache-Control": "no-cache",
        "Content-Length": "2061",
        "Content-Type": "application/json",
        "Date": "Fri, 05 Aug 2022 01:37:07 GMT",
        "Expires": "-1",
        "Pragma": "no-cache",
        "Server": "Microsoft-Azure-Storage-Resource-Provider/1.0,Microsoft-HTTPAPI/2.0 Microsoft-HTTPAPI/2.0",
        "Strict-Transport-Security": "max-age=31536000; includeSubDomains",
        "X-Content-Type-Options": "nosniff",
        "x-ms-client-request-id": "b085017a3a6336eebdd2520a58ff31de",
        "x-ms-correlation-request-id": "6615e1a0-3f82-40d4-b2e4-e80d8e7e7b92",
        "x-ms-ratelimit-remaining-subscription-writes": "1116",
        "x-ms-request-id": "72001912-72bf-44fa-b677-b65654706593",
        "x-ms-routing-request-id": "WESTUS:20220805T013707Z:6615e1a0-3f82-40d4-b2e4-e80d8e7e7b92"
      },
      "ResponseBody": {
        "identity": {
          "userAssignedIdentities": {
            "/subscriptions/db1ab6f0-4769-4b27-930e-01e2ef9c123c/resourcegroups/teststorageRG-3256/providers/Microsoft.ManagedIdentity/userAssignedIdentities/testMsi-1456": {
              "principalId": "c5fd1cc4-d8fa-4bc3-9bc3-f156fc258016",
              "tenantId": "72f988bf-86f1-41af-91ab-2d7cd011db47",
              "clientId": "3765b95f-d1a6-4724-bfa4-e5f0315fa9d7",
              "identityUrl": "https://control-eastus2.identity.azure.net/subscriptions/db1ab6f0-4769-4b27-930e-01e2ef9c123c/resourcegroups/teststorageRG-3256/providers/Microsoft.Storage/storageAccounts/teststoragemgmt6354/credentials/v2/userassigned?arpid=c2f2ef14-1f3c-474a-bef6-bc1be5bfb8bb\u0026uaid=3765b95f-d1a6-4724-bfa4-e5f0315fa9d7\u0026tid=72f988bf-86f1-41af-91ab-2d7cd011db47",
              "certRenewAfter": "2022-09-20T01:32:00Z"
            }
          },
          "type": "UserAssigned"
        },
        "sku": {
          "name": "Standard_LRS",
          "tier": "Standard"
        },
        "kind": "Storage",
        "id": "/subscriptions/db1ab6f0-4769-4b27-930e-01e2ef9c123c/resourceGroups/teststorageRG-3256/providers/Microsoft.Storage/storageAccounts/teststoragemgmt6354",
        "name": "teststoragemgmt6354",
        "type": "Microsoft.Storage/storageAccounts",
        "location": "eastus2",
        "tags": {
          "key1": "value1",
          "key2": "value2"
        },
        "properties": {
          "keyCreationTime": {
            "key1": "2022-08-05T01:36:45.6046187Z",
            "key2": "2022-08-05T01:36:45.6046187Z"
          },
          "privateEndpointConnections": [],
          "networkAcls": {
            "bypass": "AzureServices",
            "virtualNetworkRules": [],
            "ipRules": [],
            "defaultAction": "Allow"
          },
          "supportsHttpsTrafficOnly": true,
          "encryption": {
            "services": {
              "file": {
                "keyType": "Account",
                "enabled": true,
                "lastEnabledTime": "2022-08-05T01:36:45.6202444Z"
              },
              "blob": {
                "keyType": "Account",
                "enabled": true,
                "lastEnabledTime": "2022-08-05T01:36:45.6202444Z"
              }
            },
            "keySource": "Microsoft.Storage"
          },
          "provisioningState": "Succeeded",
          "creationTime": "2022-08-05T01:36:45.4952245Z",
          "primaryEndpoints": {
            "blob": "https://teststoragemgmt6354.blob.core.windows.net/",
            "queue": "https://teststoragemgmt6354.queue.core.windows.net/",
            "table": "https://teststoragemgmt6354.table.core.windows.net/",
            "file": "https://teststoragemgmt6354.file.core.windows.net/"
          },
          "primaryLocation": "eastus2",
          "statusOfPrimary": "available"
        }
      }
    },
    {
      "RequestUri": "https://management.azure.com/subscriptions/db1ab6f0-4769-4b27-930e-01e2ef9c123c/resourceGroups/teststorageRG-3256/providers/Microsoft.Storage/storageAccounts/teststoragemgmt6354?api-version=2021-04-01",
      "RequestMethod": "GET",
      "RequestHeaders": {
        "Accept": "application/json",
        "Authorization": "Sanitized",
        "traceparent": "00-22af6fac12ed06bd40e4f10fed51f3e4-3a9476163c2ea3af-00",
        "User-Agent": "azsdk-net-ResourceManager.Storage/1.0.0-alpha.20220804.1 (.NET 6.0.7; Microsoft Windows 10.0.17763)",
        "x-ms-client-request-id": "03701ce5b8dc3ea97661832e32605a90",
        "x-ms-return-client-request-id": "true"
      },
      "RequestBody": null,
      "StatusCode": 200,
      "ResponseHeaders": {
        "Cache-Control": "no-cache",
        "Content-Length": "2061",
        "Content-Type": "application/json",
        "Date": "Fri, 05 Aug 2022 01:37:07 GMT",
        "Expires": "-1",
        "Pragma": "no-cache",
        "Server": "Microsoft-Azure-Storage-Resource-Provider/1.0,Microsoft-HTTPAPI/2.0 Microsoft-HTTPAPI/2.0",
        "Strict-Transport-Security": "max-age=31536000; includeSubDomains",
        "X-Content-Type-Options": "nosniff",
        "x-ms-client-request-id": "03701ce5b8dc3ea97661832e32605a90",
        "x-ms-correlation-request-id": "2a5cec3c-5bf8-4f2f-b212-c1621a14bec3",
        "x-ms-ratelimit-remaining-subscription-reads": "11827",
        "x-ms-request-id": "c3d6095f-c851-415a-be1c-e7d19e8fe971",
        "x-ms-routing-request-id": "WESTUS:20220805T013708Z:2a5cec3c-5bf8-4f2f-b212-c1621a14bec3"
      },
      "ResponseBody": {
        "identity": {
          "userAssignedIdentities": {
            "/subscriptions/db1ab6f0-4769-4b27-930e-01e2ef9c123c/resourcegroups/teststorageRG-3256/providers/Microsoft.ManagedIdentity/userAssignedIdentities/testMsi-1456": {
              "principalId": "c5fd1cc4-d8fa-4bc3-9bc3-f156fc258016",
              "tenantId": "72f988bf-86f1-41af-91ab-2d7cd011db47",
              "clientId": "3765b95f-d1a6-4724-bfa4-e5f0315fa9d7",
              "identityUrl": "https://control-eastus2.identity.azure.net/subscriptions/db1ab6f0-4769-4b27-930e-01e2ef9c123c/resourcegroups/teststorageRG-3256/providers/Microsoft.Storage/storageAccounts/teststoragemgmt6354/credentials/v2/userassigned?arpid=c2f2ef14-1f3c-474a-bef6-bc1be5bfb8bb\u0026uaid=3765b95f-d1a6-4724-bfa4-e5f0315fa9d7\u0026tid=72f988bf-86f1-41af-91ab-2d7cd011db47",
              "certRenewAfter": "2022-09-20T01:32:00Z"
            }
          },
          "type": "UserAssigned"
        },
        "sku": {
          "name": "Standard_LRS",
          "tier": "Standard"
        },
        "kind": "Storage",
        "id": "/subscriptions/db1ab6f0-4769-4b27-930e-01e2ef9c123c/resourceGroups/teststorageRG-3256/providers/Microsoft.Storage/storageAccounts/teststoragemgmt6354",
        "name": "teststoragemgmt6354",
        "type": "Microsoft.Storage/storageAccounts",
        "location": "eastus2",
        "tags": {
          "key1": "value1",
          "key2": "value2"
        },
        "properties": {
          "keyCreationTime": {
            "key1": "2022-08-05T01:36:45.6046187Z",
            "key2": "2022-08-05T01:36:45.6046187Z"
          },
          "privateEndpointConnections": [],
          "networkAcls": {
            "bypass": "AzureServices",
            "virtualNetworkRules": [],
            "ipRules": [],
            "defaultAction": "Allow"
          },
          "supportsHttpsTrafficOnly": true,
          "encryption": {
            "services": {
              "file": {
                "keyType": "Account",
                "enabled": true,
                "lastEnabledTime": "2022-08-05T01:36:45.6202444Z"
              },
              "blob": {
                "keyType": "Account",
                "enabled": true,
                "lastEnabledTime": "2022-08-05T01:36:45.6202444Z"
              }
            },
            "keySource": "Microsoft.Storage"
          },
          "provisioningState": "Succeeded",
          "creationTime": "2022-08-05T01:36:45.4952245Z",
          "primaryEndpoints": {
            "blob": "https://teststoragemgmt6354.blob.core.windows.net/",
            "queue": "https://teststoragemgmt6354.queue.core.windows.net/",
            "table": "https://teststoragemgmt6354.table.core.windows.net/",
            "file": "https://teststoragemgmt6354.file.core.windows.net/"
          },
          "primaryLocation": "eastus2",
          "statusOfPrimary": "available"
        }
      }
    },
    {
      "RequestUri": "https://management.azure.com/subscriptions/db1ab6f0-4769-4b27-930e-01e2ef9c123c/resourceGroups/teststorageRG-3256/providers/Microsoft.Storage/storageAccounts?api-version=2021-04-01",
      "RequestMethod": "GET",
      "RequestHeaders": {
        "Accept": "application/json",
        "Authorization": "Sanitized",
        "traceparent": "00-a7a26bd7a3c39bb10acfcc6e134d08f4-ab9608bc9ac2e6c4-00",
        "User-Agent": "azsdk-net-ResourceManager.Storage/1.0.0-alpha.20220804.1 (.NET 6.0.7; Microsoft Windows 10.0.17763)",
        "x-ms-client-request-id": "6e66f98ac1de0d38646638c10bb3b275",
        "x-ms-return-client-request-id": "true"
      },
      "RequestBody": null,
      "StatusCode": 200,
      "ResponseHeaders": {
        "Cache-Control": "no-cache",
        "Content-Length": "2073",
        "Content-Type": "application/json",
        "Date": "Fri, 05 Aug 2022 01:37:07 GMT",
        "Expires": "-1",
        "Pragma": "no-cache",
        "Server": "Microsoft-Azure-Storage-Resource-Provider/1.0,Microsoft-HTTPAPI/2.0 Microsoft-HTTPAPI/2.0",
        "Strict-Transport-Security": "max-age=31536000; includeSubDomains",
        "X-Content-Type-Options": "nosniff",
        "x-ms-client-request-id": "6e66f98ac1de0d38646638c10bb3b275",
        "x-ms-correlation-request-id": "03ff719d-3f2f-47b2-aba4-af1547323611",
        "x-ms-ratelimit-remaining-subscription-reads": "11826",
        "x-ms-request-id": "07c9902e-ffca-4bdd-b7b2-588a162014ea",
        "x-ms-routing-request-id": "WESTUS:20220805T013708Z:03ff719d-3f2f-47b2-aba4-af1547323611"
      },
      "ResponseBody": {
        "value": [
          {
            "identity": {
              "userAssignedIdentities": {
                "/subscriptions/db1ab6f0-4769-4b27-930e-01e2ef9c123c/resourcegroups/teststorageRG-3256/providers/Microsoft.ManagedIdentity/userAssignedIdentities/testMsi-1456": {
                  "principalId": "c5fd1cc4-d8fa-4bc3-9bc3-f156fc258016",
                  "tenantId": "72f988bf-86f1-41af-91ab-2d7cd011db47",
                  "clientId": "3765b95f-d1a6-4724-bfa4-e5f0315fa9d7",
                  "identityUrl": "https://control-eastus2.identity.azure.net/subscriptions/db1ab6f0-4769-4b27-930e-01e2ef9c123c/resourcegroups/teststorageRG-3256/providers/Microsoft.Storage/storageAccounts/teststoragemgmt6354/credentials/v2/userassigned?arpid=c2f2ef14-1f3c-474a-bef6-bc1be5bfb8bb\u0026uaid=3765b95f-d1a6-4724-bfa4-e5f0315fa9d7\u0026tid=72f988bf-86f1-41af-91ab-2d7cd011db47",
                  "certRenewAfter": "2022-09-20T01:32:00Z"
                }
              },
              "type": "UserAssigned"
            },
            "sku": {
              "name": "Standard_LRS",
              "tier": "Standard"
            },
            "kind": "Storage",
            "id": "/subscriptions/db1ab6f0-4769-4b27-930e-01e2ef9c123c/resourceGroups/teststorageRG-3256/providers/Microsoft.Storage/storageAccounts/teststoragemgmt6354",
            "name": "teststoragemgmt6354",
            "type": "Microsoft.Storage/storageAccounts",
            "location": "eastus2",
            "tags": {
              "key1": "value1",
              "key2": "value2"
            },
            "properties": {
              "keyCreationTime": {
                "key1": "2022-08-05T01:36:45.6046187Z",
                "key2": "2022-08-05T01:36:45.6046187Z"
              },
              "privateEndpointConnections": [],
              "networkAcls": {
                "bypass": "AzureServices",
                "virtualNetworkRules": [],
                "ipRules": [],
                "defaultAction": "Allow"
              },
              "supportsHttpsTrafficOnly": true,
              "encryption": {
                "services": {
                  "file": {
                    "keyType": "Account",
                    "enabled": true,
                    "lastEnabledTime": "2022-08-05T01:36:45.6202444Z"
                  },
                  "blob": {
                    "keyType": "Account",
                    "enabled": true,
                    "lastEnabledTime": "2022-08-05T01:36:45.6202444Z"
                  }
                },
                "keySource": "Microsoft.Storage"
              },
              "provisioningState": "Succeeded",
              "creationTime": "2022-08-05T01:36:45.4952245Z",
              "primaryEndpoints": {
                "blob": "https://teststoragemgmt6354.blob.core.windows.net/",
                "queue": "https://teststoragemgmt6354.queue.core.windows.net/",
                "table": "https://teststoragemgmt6354.table.core.windows.net/",
                "file": "https://teststoragemgmt6354.file.core.windows.net/"
              },
              "primaryLocation": "eastus2",
              "statusOfPrimary": "available"
            }
          }
        ]
      }
    },
    {
      "RequestUri": "https://management.azure.com/subscriptions/db1ab6f0-4769-4b27-930e-01e2ef9c123c/resourceGroups/teststorageRG-3256/providers/Microsoft.Storage/storageAccounts/teststoragemgmt6354?api-version=2021-04-01",
      "RequestMethod": "DELETE",
      "RequestHeaders": {
        "Authorization": "Sanitized",
        "traceparent": "00-06d96bb6b1bd87ba3dbe250d4507cb81-cab3d8ea9b4b3724-00",
        "User-Agent": "azsdk-net-ResourceManager.Storage/1.0.0-alpha.20220804.1 (.NET 6.0.7; Microsoft Windows 10.0.17763)",
        "x-ms-client-request-id": "c2bbb98bc082c1a158473a02b7c0035c",
        "x-ms-return-client-request-id": "true"
      },
      "RequestBody": null,
      "StatusCode": 200,
      "ResponseHeaders": {
        "Cache-Control": "no-cache",
        "Content-Length": "0",
        "Content-Type": "text/plain; charset=utf-8",
        "Date": "Fri, 05 Aug 2022 01:37:10 GMT",
        "Expires": "-1",
        "Pragma": "no-cache",
        "Server": "Microsoft-Azure-Storage-Resource-Provider/1.0,Microsoft-HTTPAPI/2.0 Microsoft-HTTPAPI/2.0",
        "Strict-Transport-Security": "max-age=31536000; includeSubDomains",
        "X-Content-Type-Options": "nosniff",
        "x-ms-client-request-id": "c2bbb98bc082c1a158473a02b7c0035c",
        "x-ms-correlation-request-id": "16c3f38d-1ac7-485d-9721-45fb83658552",
        "x-ms-ratelimit-remaining-subscription-deletes": "14976",
        "x-ms-request-id": "a3e36a51-61b4-4063-9870-b0b17e522828",
        "x-ms-routing-request-id": "WESTUS:20220805T013710Z:16c3f38d-1ac7-485d-9721-45fb83658552"
      },
      "ResponseBody": null
    }
  ],
  "Variables": {
    "AZURE_AUTHORITY_HOST": "https://login.microsoftonline.com",
    "RandomSeed": "409221001",
    "RESOURCE_MANAGER_URL": null,
    "SUBSCRIPTION_ID": "db1ab6f0-4769-4b27-930e-01e2ef9c123c"
  }
}
