{
  "Entries": [
    {
      "RequestUri": "https://management.azure.com/subscriptions/db1ab6f0-4769-4b27-930e-01e2ef9c123c?api-version=2021-01-01",
      "RequestMethod": "GET",
      "RequestHeaders": {
        "Accept": "application/json",
        "Authorization": "Sanitized",
        "traceparent": "00-84df7f438c8085d044c7f75e0f6fb07b-007f89e23545a9df-00",
        "User-Agent": "azsdk-net-ResourceManager/1.2.1 (.NET 6.0.7; Microsoft Windows 10.0.17763)",
        "x-ms-client-request-id": "d670b67a477f4eaeb5f4d1ed8859fab0",
        "x-ms-return-client-request-id": "true"
      },
      "RequestBody": null,
      "StatusCode": 200,
      "ResponseHeaders": {
        "Cache-Control": "no-cache",
        "Content-Length": "747",
        "Content-Type": "application/json; charset=utf-8",
        "Date": "Fri, 05 Aug 2022 01:56:25 GMT",
        "Expires": "-1",
        "Pragma": "no-cache",
        "Strict-Transport-Security": "max-age=31536000; includeSubDomains",
        "X-Content-Type-Options": "nosniff",
        "x-ms-correlation-request-id": "11903ded-a334-4d83-9085-1cc88850d59f",
        "x-ms-ratelimit-remaining-subscription-reads": "11571",
        "x-ms-request-id": "11903ded-a334-4d83-9085-1cc88850d59f",
        "x-ms-routing-request-id": "WESTUS:20220805T015625Z:11903ded-a334-4d83-9085-1cc88850d59f"
      },
      "ResponseBody": {
        "id": "/subscriptions/db1ab6f0-4769-4b27-930e-01e2ef9c123c",
        "authorizationSource": "RoleBased",
        "managedByTenants": [],
        "tags": {
          "TagKey-9823": "TagValue-566",
          "TagKey-3481": "TagValue-320",
          "TagKey-4926": "TagValue-1187",
          "TagKey-751": "TagValue-3921",
          "TagKey-1866": "TagValue-8559",
          "TagKey-3094": "TagValue-9190",
          "TagKey-2449": "TagValue-9",
          "TagKey-8379": "TagValue-164",
          "TagKey-7470": "TagValue-2205",
          "TagKey-4236": "TagValue-3698",
          "TagKey-5316": "TagValue-2725"
        },
        "subscriptionId": "db1ab6f0-4769-4b27-930e-01e2ef9c123c",
        "tenantId": "72f988bf-86f1-41af-91ab-2d7cd011db47",
        "displayName": ".NET Mgmt SDK Test with TTL = 1 Day",
        "state": "Enabled",
        "subscriptionPolicies": {
          "locationPlacementId": "Internal_2014-09-01",
          "quotaId": "Internal_2014-09-01",
          "spendingLimit": "Off"
        }
      }
    },
    {
      "RequestUri": "https://management.azure.com/subscriptions/db1ab6f0-4769-4b27-930e-01e2ef9c123c/resourcegroups/teststorageRG-2186?api-version=2021-04-01",
      "RequestMethod": "PUT",
      "RequestHeaders": {
        "Accept": "application/json",
        "Authorization": "Sanitized",
        "Content-Length": "44",
        "Content-Type": "application/json",
        "traceparent": "00-d0311834b77b9553ba70cdc63745ce43-035f3d9dc0926d69-00",
        "User-Agent": "azsdk-net-ResourceManager/1.2.1 (.NET 6.0.7; Microsoft Windows 10.0.17763)",
        "x-ms-client-request-id": "43c0695c81034b461f841f0d4b63f1f8",
        "x-ms-return-client-request-id": "true"
      },
      "RequestBody": {
        "tags": {
          "test": "env"
        },
        "location": "eastus2"
      },
      "StatusCode": 201,
      "ResponseHeaders": {
        "Cache-Control": "no-cache",
        "Content-Length": "256",
        "Content-Type": "application/json; charset=utf-8",
        "Date": "Fri, 05 Aug 2022 01:56:26 GMT",
        "Expires": "-1",
        "Pragma": "no-cache",
        "Strict-Transport-Security": "max-age=31536000; includeSubDomains",
        "X-Content-Type-Options": "nosniff",
        "x-ms-correlation-request-id": "7daddb5a-3dbb-4db4-a55c-9ae2bb64b4bc",
        "x-ms-ratelimit-remaining-subscription-writes": "991",
        "x-ms-request-id": "7daddb5a-3dbb-4db4-a55c-9ae2bb64b4bc",
        "x-ms-routing-request-id": "WESTUS:20220805T015626Z:7daddb5a-3dbb-4db4-a55c-9ae2bb64b4bc"
      },
      "ResponseBody": {
        "id": "/subscriptions/db1ab6f0-4769-4b27-930e-01e2ef9c123c/resourceGroups/teststorageRG-2186",
        "name": "teststorageRG-2186",
        "type": "Microsoft.Resources/resourceGroups",
        "location": "eastus2",
        "tags": {
          "test": "env"
        },
        "properties": {
          "provisioningState": "Succeeded"
        }
      }
    },
    {
      "RequestUri": "https://management.azure.com/subscriptions/db1ab6f0-4769-4b27-930e-01e2ef9c123c/providers/Microsoft.Storage/checkNameAvailability?api-version=2021-04-01",
      "RequestMethod": "POST",
      "RequestHeaders": {
        "Accept": "application/json",
        "Authorization": "Sanitized",
        "Content-Length": "73",
        "Content-Type": "application/json",
        "traceparent": "00-0ff12c07435964129e6147b4b001c892-19fc5d27b43e2e23-00",
        "User-Agent": "azsdk-net-ResourceManager.Storage/1.0.0-alpha.20220804.1 (.NET 6.0.7; Microsoft Windows 10.0.17763)",
        "x-ms-client-request-id": "b273251fa7cb5be66d95f3cf20ec42c3",
        "x-ms-return-client-request-id": "true"
      },
      "RequestBody": {
        "name": "teststoragemgmt2604",
        "type": "Microsoft.Storage/storageAccounts"
      },
      "StatusCode": 200,
      "ResponseHeaders": {
        "Cache-Control": "no-cache",
        "Content-Length": "22",
        "Content-Type": "application/json",
        "Date": "Fri, 05 Aug 2022 01:56:27 GMT",
        "Expires": "-1",
        "Pragma": "no-cache",
        "Server": "Microsoft-Azure-Storage-Resource-Provider/1.0,Microsoft-HTTPAPI/2.0 Microsoft-HTTPAPI/2.0",
        "Strict-Transport-Security": "max-age=31536000; includeSubDomains",
        "X-Content-Type-Options": "nosniff",
        "x-ms-client-request-id": "b273251fa7cb5be66d95f3cf20ec42c3",
        "x-ms-correlation-request-id": "f6e76984-a5a9-48e6-a928-367170a82344",
        "x-ms-ratelimit-remaining-subscription-reads": "11570",
        "x-ms-request-id": "7389e27e-4a15-4194-b983-4da5bf796b8e",
        "x-ms-routing-request-id": "WESTUS:20220805T015627Z:f6e76984-a5a9-48e6-a928-367170a82344"
      },
      "ResponseBody": {
        "nameAvailable": true
      }
    },
    {
      "RequestUri": "https://management.azure.com/subscriptions/db1ab6f0-4769-4b27-930e-01e2ef9c123c/providers/Microsoft.ManagedIdentity?api-version=2021-04-01",
      "RequestMethod": "GET",
      "RequestHeaders": {
        "Accept": "application/json",
        "Authorization": "Sanitized",
        "traceparent": "00-1591138d3c0f52cf5bc6837da156c77c-187082a29df169ca-00",
        "User-Agent": "azsdk-net-ResourceManager/1.2.1 (.NET 6.0.7; Microsoft Windows 10.0.17763)",
        "x-ms-client-request-id": "bbd77ebe35778a2a60c38f416990e0f4",
        "x-ms-return-client-request-id": "true"
      },
      "RequestBody": null,
      "StatusCode": 200,
      "ResponseHeaders": {
        "Cache-Control": "no-cache",
        "Content-Length": "2773",
        "Content-Type": "application/json; charset=utf-8",
        "Date": "Fri, 05 Aug 2022 01:56:27 GMT",
        "Expires": "-1",
        "Pragma": "no-cache",
        "Strict-Transport-Security": "max-age=31536000; includeSubDomains",
        "X-Content-Type-Options": "nosniff",
        "x-ms-correlation-request-id": "cffc9cf2-daa5-4e58-8996-5124752b95bd",
        "x-ms-ratelimit-remaining-subscription-reads": "11569",
        "x-ms-request-id": "cffc9cf2-daa5-4e58-8996-5124752b95bd",
        "x-ms-routing-request-id": "WESTUS:20220805T015627Z:cffc9cf2-daa5-4e58-8996-5124752b95bd"
      },
      "ResponseBody": {
        "id": "/subscriptions/db1ab6f0-4769-4b27-930e-01e2ef9c123c/providers/Microsoft.ManagedIdentity",
        "namespace": "Microsoft.ManagedIdentity",
        "resourceTypes": [
          {
            "resourceType": "Identities",
            "locations": [
              "Global",
              "United States",
              "South Africa",
              "UK",
              "Japan",
              "India",
              "France",
              "Europe",
              "Germany",
              "Switzerland",
              "Canada",
              "Brazil",
              "Australia",
              "Asia",
              "UAE",
              "Korea",
              "Norway",
              "South Africa North",
              "South Africa West",
              "UAE North",
              "Australia Central",
              "Australia East",
              "Australia Southeast",
              "Canada Central",
              "Canada East",
              "Brazil South",
              "Central India",
              "West India",
              "Jio India West",
              "South India",
              "Japan West",
              "Japan East",
              "East Asia",
              "Southeast Asia",
              "Korea Central",
              "Korea South",
              "North Europe",
              "Qatar Central",
              "West Europe",
              "UK West",
              "UK South",
              "Sweden Central",
              "Switzerland North",
              "Germany West Central",
              "Central US",
              "North Central US",
              "East US",
              "East US 2",
              "South Central US",
              "West US",
              "West US 2",
              "West US 3",
              "West Central US",
              "France Central",
              "Norway East"
            ],
            "apiVersions": [
              "2022-01-31-PREVIEW",
              "2021-09-30-PREVIEW",
              "2018-11-30",
              "2015-08-31-PREVIEW"
            ],
            "defaultApiVersion": "2018-11-30",
            "capabilities": "SupportsExtension"
          },
          {
            "resourceType": "userAssignedIdentities",
            "locations": [
              "South Africa North",
              "South Africa West",
              "UAE North",
              "Australia Central",
              "Australia East",
              "Australia Southeast",
              "Canada Central",
              "Canada East",
              "Brazil South",
              "Central India",
              "West India",
              "Jio India West",
              "South India",
              "Japan West",
              "Japan East",
              "East Asia",
              "Southeast Asia",
              "Korea Central",
              "Korea South",
              "North Europe",
              "Qatar Central",
              "West Europe",
              "UK West",
              "UK South",
              "Sweden Central",
              "Switzerland North",
              "Germany West Central",
              "Central US",
              "North Central US",
              "East US",
              "East US 2",
              "South Central US",
              "West US",
              "West US 2",
              "West US 3",
              "West Central US",
              "France Central",
              "Norway East"
            ],
            "apiVersions": [
              "2022-01-31-PREVIEW",
              "2021-09-30-PREVIEW",
              "2018-11-30",
              "2015-08-31-PREVIEW"
            ],
            "defaultApiVersion": "2018-11-30",
            "capabilities": "SupportsTags, SupportsLocation"
          },
          {
            "resourceType": "operations",
            "locations": [
              "South Africa North",
              "South Africa West",
              "UAE North",
              "Australia Central",
              "Australia East",
              "Australia Southeast",
              "Canada Central",
              "Canada East",
              "Brazil South",
              "Central India",
              "West India",
              "Jio India West",
              "South India",
              "Japan West",
              "Japan East",
              "East Asia",
              "Southeast Asia",
              "Korea Central",
              "Korea South",
              "North Europe",
              "Qatar Central",
              "West Europe",
              "UK West",
              "UK South",
              "Sweden Central",
              "Switzerland North",
              "Germany West Central",
              "Central US",
              "North Central US",
              "East US",
              "East US 2",
              "South Central US",
              "West US",
              "West US 2",
              "West US 3",
              "West Central US",
              "France Central",
              "Norway East"
            ],
            "apiVersions": [
              "2022-01-31-PREVIEW",
              "2021-09-30-PREVIEW",
              "2018-11-30",
              "2015-08-31-PREVIEW"
            ],
            "defaultApiVersion": "2018-11-30",
            "capabilities": "None"
          }
        ],
        "registrationState": "Registered",
        "registrationPolicy": "RegistrationRequired"
      }
    },
    {
      "RequestUri": "https://management.azure.com/subscriptions/db1ab6f0-4769-4b27-930e-01e2ef9c123c/resourceGroups/teststorageRG-2186/providers/Microsoft.ManagedIdentity/userAssignedIdentities/testMsi-3870?api-version=2022-01-31-PREVIEW",
      "RequestMethod": "PUT",
      "RequestHeaders": {
        "Accept": "application/json",
        "Authorization": "Sanitized",
        "Content-Length": "22",
        "Content-Type": "application/json",
        "traceparent": "00-1591138d3c0f52cf5bc6837da156c77c-532da330d807ec2c-00",
        "User-Agent": "azsdk-net-ResourceManager/1.2.1 (.NET 6.0.7; Microsoft Windows 10.0.17763)",
        "x-ms-client-request-id": "3dd53a0e919cdac2e895eb527cfe97dc",
        "x-ms-return-client-request-id": "true"
      },
      "RequestBody": {
        "location": "eastus2"
      },
      "StatusCode": 201,
      "ResponseHeaders": {
        "Cache-Control": "no-cache",
        "Content-Length": "445",
        "Content-Type": "application/json; charset=utf-8",
        "Date": "Fri, 05 Aug 2022 01:56:28 GMT",
        "Expires": "-1",
        "Location": "/subscriptions/db1ab6f0-4769-4b27-930e-01e2ef9c123c/resourcegroups/teststorageRG-2186/providers/Microsoft.ManagedIdentity/userAssignedIdentities/testMsi-3870",
        "Pragma": "no-cache",
        "Strict-Transport-Security": "max-age=31536000; includeSubDomains",
        "X-Content-Type-Options": "nosniff",
        "x-ms-correlation-request-id": "6f7ee54a-12dd-4111-90e4-98103d2d0f2b",
        "x-ms-ratelimit-remaining-subscription-writes": "990",
        "x-ms-request-id": "6f7ee54a-12dd-4111-90e4-98103d2d0f2b",
        "x-ms-routing-request-id": "WESTUS:20220805T015628Z:6f7ee54a-12dd-4111-90e4-98103d2d0f2b"
      },
      "ResponseBody": {
        "id": "/subscriptions/db1ab6f0-4769-4b27-930e-01e2ef9c123c/resourcegroups/teststorageRG-2186/providers/Microsoft.ManagedIdentity/userAssignedIdentities/testMsi-3870",
        "name": "testMsi-3870",
        "type": "Microsoft.ManagedIdentity/userAssignedIdentities",
        "location": "eastus2",
        "tags": {},
        "properties": {
          "tenantId": "72f988bf-86f1-41af-91ab-2d7cd011db47",
          "principalId": "28f18d1e-43fb-4453-b3d3-c751991655b6",
          "clientId": "0e6b4435-2130-4ab6-8f49-5cd623c53a0f"
        }
      }
    },
    {
      "RequestUri": "https://management.azure.com/subscriptions/db1ab6f0-4769-4b27-930e-01e2ef9c123c/resourcegroups/teststorageRG-2186/providers/Microsoft.ManagedIdentity/userAssignedIdentities/testMsi-3870?api-version=2022-01-31-PREVIEW",
      "RequestMethod": "GET",
      "RequestHeaders": {
        "Authorization": "Sanitized",
        "traceparent": "00-1591138d3c0f52cf5bc6837da156c77c-f3dfe3abff93d3cf-00",
        "User-Agent": "azsdk-net-ResourceManager/1.2.1 (.NET 6.0.7; Microsoft Windows 10.0.17763)",
        "x-ms-client-request-id": "b212db13866c2dccbcfdd2e249d70e62",
        "x-ms-return-client-request-id": "true"
      },
      "RequestBody": null,
      "StatusCode": 200,
      "ResponseHeaders": {
        "Cache-Control": "no-cache",
        "Content-Length": "445",
        "Content-Type": "application/json; charset=utf-8",
        "Date": "Fri, 05 Aug 2022 01:56:28 GMT",
        "Expires": "-1",
        "Pragma": "no-cache",
        "Strict-Transport-Security": "max-age=31536000; includeSubDomains",
        "X-Content-Type-Options": "nosniff",
        "x-ms-correlation-request-id": "4c896c42-132a-4abd-ab0a-0806988dcd5a",
        "x-ms-ratelimit-remaining-subscription-reads": "11568",
        "x-ms-request-id": "4c896c42-132a-4abd-ab0a-0806988dcd5a",
        "x-ms-routing-request-id": "WESTUS:20220805T015628Z:4c896c42-132a-4abd-ab0a-0806988dcd5a"
      },
      "ResponseBody": {
        "id": "/subscriptions/db1ab6f0-4769-4b27-930e-01e2ef9c123c/resourcegroups/teststorageRG-2186/providers/Microsoft.ManagedIdentity/userAssignedIdentities/testMsi-3870",
        "name": "testMsi-3870",
        "type": "Microsoft.ManagedIdentity/userAssignedIdentities",
        "location": "eastus2",
        "tags": {},
        "properties": {
          "tenantId": "72f988bf-86f1-41af-91ab-2d7cd011db47",
          "principalId": "28f18d1e-43fb-4453-b3d3-c751991655b6",
          "clientId": "0e6b4435-2130-4ab6-8f49-5cd623c53a0f"
        }
      }
    },
    {
      "RequestUri": "https://management.azure.com/subscriptions/db1ab6f0-4769-4b27-930e-01e2ef9c123c/resourceGroups/teststorageRG-2186/providers/Microsoft.Storage/storageAccounts/teststoragemgmt2604?api-version=2021-04-01",
      "RequestMethod": "PUT",
      "RequestHeaders": {
        "Accept": "application/json",
        "Authorization": "Sanitized",
        "Content-Length": "351",
        "Content-Type": "application/json",
        "traceparent": "00-23d4aa47be57db7068a4b513b04ff619-fcac31ff548d6ba1-00",
        "User-Agent": "azsdk-net-ResourceManager.Storage/1.0.0-alpha.20220804.1 (.NET 6.0.7; Microsoft Windows 10.0.17763)",
        "x-ms-client-request-id": "87f8b22b6deb50d392e5f37426de83cf",
        "x-ms-return-client-request-id": "true"
      },
      "RequestBody": {
        "sku": {
          "name": "Standard_LRS"
        },
        "kind": "Storage",
        "location": "eastus2",
        "tags": {
          "key1": "value1",
          "key2": "value2"
        },
        "identity": {
          "type": "UserAssigned",
          "userAssignedIdentities": {
            "/subscriptions/db1ab6f0-4769-4b27-930e-01e2ef9c123c/resourcegroups/teststorageRG-2186/providers/Microsoft.ManagedIdentity/userAssignedIdentities/testMsi-3870": {}
          }
        },
        "properties": {}
      },
      "StatusCode": 202,
      "ResponseHeaders": {
        "Cache-Control": "no-cache",
        "Content-Length": "0",
        "Content-Type": "text/plain; charset=utf-8",
        "Date": "Fri, 05 Aug 2022 01:56:31 GMT",
        "Expires": "-1",
        "Location": "https://management.azure.com/subscriptions/db1ab6f0-4769-4b27-930e-01e2ef9c123c/providers/Microsoft.Storage/locations/eastus2/asyncoperations/f50742a1-eb07-4a7c-a7f0-b27c50a84649?monitor=true\u0026api-version=2021-04-01",
        "Pragma": "no-cache",
        "Retry-After": "17",
        "Server": "Microsoft-Azure-Storage-Resource-Provider/1.0,Microsoft-HTTPAPI/2.0 Microsoft-HTTPAPI/2.0",
        "Strict-Transport-Security": "max-age=31536000; includeSubDomains",
        "X-Content-Type-Options": "nosniff",
        "x-ms-client-request-id": "87f8b22b6deb50d392e5f37426de83cf",
        "x-ms-correlation-request-id": "c2e303f4-1dd4-431a-9cdc-17060bcd2a1c",
        "x-ms-ratelimit-remaining-subscription-writes": "989",
        "x-ms-request-id": "f50742a1-eb07-4a7c-a7f0-b27c50a84649",
        "x-ms-routing-request-id": "WESTUS:20220805T015631Z:c2e303f4-1dd4-431a-9cdc-17060bcd2a1c"
      },
      "ResponseBody": null
    },
    {
      "RequestUri": "https://management.azure.com/subscriptions/db1ab6f0-4769-4b27-930e-01e2ef9c123c/providers/Microsoft.Storage/locations/eastus2/asyncoperations/f50742a1-eb07-4a7c-a7f0-b27c50a84649?monitor=true\u0026api-version=2021-04-01",
      "RequestMethod": "GET",
      "RequestHeaders": {
        "Authorization": "Sanitized",
        "traceparent": "00-23d4aa47be57db7068a4b513b04ff619-2980831100a4634f-00",
        "User-Agent": "azsdk-net-ResourceManager/1.2.1 (.NET 6.0.7; Microsoft Windows 10.0.17763)",
        "x-ms-client-request-id": "a3b708197c20a51807c11f87925806de",
        "x-ms-return-client-request-id": "true"
      },
      "RequestBody": null,
      "StatusCode": 202,
      "ResponseHeaders": {
        "Cache-Control": "no-cache",
        "Content-Length": "0",
        "Content-Type": "text/plain; charset=utf-8",
        "Date": "Fri, 05 Aug 2022 01:56:31 GMT",
        "Expires": "-1",
        "Location": "https://management.azure.com/subscriptions/db1ab6f0-4769-4b27-930e-01e2ef9c123c/providers/Microsoft.Storage/locations/eastus2/asyncoperations/f50742a1-eb07-4a7c-a7f0-b27c50a84649?monitor=true\u0026api-version=2021-04-01",
        "Pragma": "no-cache",
        "Retry-After": "17",
        "Server": "Microsoft-Azure-Storage-Resource-Provider/1.0,Microsoft-HTTPAPI/2.0 Microsoft-HTTPAPI/2.0",
        "Strict-Transport-Security": "max-age=31536000; includeSubDomains",
        "X-Content-Type-Options": "nosniff",
        "x-ms-client-request-id": "a3b708197c20a51807c11f87925806de",
        "x-ms-correlation-request-id": "baf670ab-48b3-430f-9c6e-bd447cbe5d02",
        "x-ms-ratelimit-remaining-subscription-reads": "11567",
        "x-ms-request-id": "55ed7c15-4bbe-4967-811f-ba6f28957fdb",
        "x-ms-routing-request-id": "WESTUS:20220805T015631Z:baf670ab-48b3-430f-9c6e-bd447cbe5d02"
      },
      "ResponseBody": null
    },
    {
      "RequestUri": "https://management.azure.com/subscriptions/db1ab6f0-4769-4b27-930e-01e2ef9c123c/providers/Microsoft.Storage/locations/eastus2/asyncoperations/f50742a1-eb07-4a7c-a7f0-b27c50a84649?monitor=true\u0026api-version=2021-04-01",
      "RequestMethod": "GET",
      "RequestHeaders": {
        "Authorization": "Sanitized",
        "traceparent": "00-23d4aa47be57db7068a4b513b04ff619-b741de115e6d6840-00",
        "User-Agent": "azsdk-net-ResourceManager/1.2.1 (.NET 6.0.7; Microsoft Windows 10.0.17763)",
        "x-ms-client-request-id": "615002796d97467643357274b7af64cd",
        "x-ms-return-client-request-id": "true"
      },
      "RequestBody": null,
      "StatusCode": 200,
      "ResponseHeaders": {
        "Cache-Control": "no-cache",
        "Content-Length": "2061",
        "Content-Type": "application/json",
        "Date": "Fri, 05 Aug 2022 01:56:48 GMT",
        "Expires": "-1",
        "Pragma": "no-cache",
        "Server": "Microsoft-Azure-Storage-Resource-Provider/1.0,Microsoft-HTTPAPI/2.0 Microsoft-HTTPAPI/2.0",
        "Strict-Transport-Security": "max-age=31536000; includeSubDomains",
        "X-Content-Type-Options": "nosniff",
        "x-ms-client-request-id": "615002796d97467643357274b7af64cd",
        "x-ms-correlation-request-id": "91e0e2a2-52ba-4738-ba02-c6ce170faad1",
        "x-ms-ratelimit-remaining-subscription-reads": "11566",
        "x-ms-request-id": "d700fd04-9988-4ebb-95df-8c8ef3075f30",
        "x-ms-routing-request-id": "WESTUS:20220805T015648Z:91e0e2a2-52ba-4738-ba02-c6ce170faad1"
      },
      "ResponseBody": {
        "identity": {
          "userAssignedIdentities": {
            "/subscriptions/db1ab6f0-4769-4b27-930e-01e2ef9c123c/resourcegroups/teststorageRG-2186/providers/Microsoft.ManagedIdentity/userAssignedIdentities/testMsi-3870": {
              "principalId": "28f18d1e-43fb-4453-b3d3-c751991655b6",
              "tenantId": "72f988bf-86f1-41af-91ab-2d7cd011db47",
              "clientId": "0e6b4435-2130-4ab6-8f49-5cd623c53a0f",
              "identityUrl": "https://control-eastus2.identity.azure.net/subscriptions/db1ab6f0-4769-4b27-930e-01e2ef9c123c/resourcegroups/teststorageRG-2186/providers/Microsoft.Storage/storageAccounts/teststoragemgmt2604/credentials/v2/userassigned?arpid=5c269e1c-a14e-4798-b531-a42ba0560074\u0026uaid=0e6b4435-2130-4ab6-8f49-5cd623c53a0f\u0026tid=72f988bf-86f1-41af-91ab-2d7cd011db47",
              "certRenewAfter": "2022-09-20T01:51:00Z"
            }
          },
          "type": "UserAssigned"
        },
        "sku": {
          "name": "Standard_LRS",
          "tier": "Standard"
        },
        "kind": "Storage",
        "id": "/subscriptions/db1ab6f0-4769-4b27-930e-01e2ef9c123c/resourceGroups/teststorageRG-2186/providers/Microsoft.Storage/storageAccounts/teststoragemgmt2604",
        "name": "teststoragemgmt2604",
        "type": "Microsoft.Storage/storageAccounts",
        "location": "eastus2",
        "tags": {
          "key1": "value1",
          "key2": "value2"
        },
        "properties": {
          "keyCreationTime": {
            "key1": "2022-08-05T01:56:29.6786234Z",
            "key2": "2022-08-05T01:56:29.6786234Z"
          },
          "privateEndpointConnections": [],
          "networkAcls": {
            "bypass": "AzureServices",
            "virtualNetworkRules": [],
            "ipRules": [],
            "defaultAction": "Allow"
          },
          "supportsHttpsTrafficOnly": true,
          "encryption": {
            "services": {
              "file": {
                "keyType": "Account",
                "enabled": true,
                "lastEnabledTime": "2022-08-05T01:56:29.6786234Z"
              },
              "blob": {
                "keyType": "Account",
                "enabled": true,
                "lastEnabledTime": "2022-08-05T01:56:29.6786234Z"
              }
            },
            "keySource": "Microsoft.Storage"
          },
          "provisioningState": "Succeeded",
          "creationTime": "2022-08-05T01:56:29.5535368Z",
          "primaryEndpoints": {
            "blob": "https://teststoragemgmt2604.blob.core.windows.net/",
            "queue": "https://teststoragemgmt2604.queue.core.windows.net/",
            "table": "https://teststoragemgmt2604.table.core.windows.net/",
            "file": "https://teststoragemgmt2604.file.core.windows.net/"
          },
          "primaryLocation": "eastus2",
          "statusOfPrimary": "available"
        }
      }
    },
    {
      "RequestUri": "https://management.azure.com/subscriptions/db1ab6f0-4769-4b27-930e-01e2ef9c123c/resourceGroups/teststorageRG-2186/providers/Microsoft.Storage/storageAccounts/teststoragemgmt2604?api-version=2021-04-01",
      "RequestMethod": "PATCH",
      "RequestHeaders": {
        "Accept": "application/json",
        "Authorization": "Sanitized",
        "Content-Length": "54",
        "Content-Type": "application/json",
        "traceparent": "00-289d9b377562d6f77a9c314a8d9626ef-cbe307fcaf90684f-00",
        "User-Agent": "azsdk-net-ResourceManager.Storage/1.0.0-alpha.20220804.1 (.NET 6.0.7; Microsoft Windows 10.0.17763)",
        "x-ms-client-request-id": "1e5b823edf2615afce9a992ac5e830bd",
        "x-ms-return-client-request-id": "true"
      },
      "RequestBody": {
        "identity": {
          "type": "SystemAssigned"
        },
        "properties": {}
      },
      "StatusCode": 200,
      "ResponseHeaders": {
        "Cache-Control": "no-cache",
        "Content-Length": "1422",
        "Content-Type": "application/json",
        "Date": "Fri, 05 Aug 2022 01:56:50 GMT",
        "Expires": "-1",
        "Pragma": "no-cache",
        "Server": "Microsoft-Azure-Storage-Resource-Provider/1.0,Microsoft-HTTPAPI/2.0 Microsoft-HTTPAPI/2.0",
        "Strict-Transport-Security": "max-age=31536000; includeSubDomains",
        "X-Content-Type-Options": "nosniff",
        "x-ms-client-request-id": "1e5b823edf2615afce9a992ac5e830bd",
        "x-ms-correlation-request-id": "c3770ced-e60f-484a-8f10-0bc18a4128cc",
        "x-ms-ratelimit-remaining-subscription-writes": "988",
        "x-ms-request-id": "95795fb8-99f8-48ee-a780-8159643bd19c",
        "x-ms-routing-request-id": "WESTUS:20220805T015650Z:c3770ced-e60f-484a-8f10-0bc18a4128cc"
      },
      "ResponseBody": {
        "identity": {
          "principalId": "675fbd39-9c53-4a08-870f-a1764746f5ae",
          "tenantId": "72f988bf-86f1-41af-91ab-2d7cd011db47",
          "type": "SystemAssigned"
        },
        "sku": {
          "name": "Standard_LRS",
          "tier": "Standard"
        },
        "kind": "Storage",
        "id": "/subscriptions/db1ab6f0-4769-4b27-930e-01e2ef9c123c/resourceGroups/teststorageRG-2186/providers/Microsoft.Storage/storageAccounts/teststoragemgmt2604",
        "name": "teststoragemgmt2604",
        "type": "Microsoft.Storage/storageAccounts",
        "location": "eastus2",
        "tags": {
          "key1": "value1",
          "key2": "value2"
        },
        "properties": {
          "keyCreationTime": {
            "key1": "2022-08-05T01:56:29.6786234Z",
            "key2": "2022-08-05T01:56:29.6786234Z"
          },
          "privateEndpointConnections": [],
          "networkAcls": {
            "bypass": "AzureServices",
            "virtualNetworkRules": [],
            "ipRules": [],
            "defaultAction": "Allow"
          },
          "supportsHttpsTrafficOnly": true,
          "encryption": {
            "services": {
              "file": {
                "keyType": "Account",
                "enabled": true,
                "lastEnabledTime": "2022-08-05T01:56:29.6786234Z"
              },
              "blob": {
                "keyType": "Account",
                "enabled": true,
                "lastEnabledTime": "2022-08-05T01:56:29.6786234Z"
              }
            },
            "keySource": "Microsoft.Storage"
          },
          "provisioningState": "Succeeded",
          "creationTime": "2022-08-05T01:56:29.5535368Z",
          "primaryEndpoints": {
            "blob": "https://teststoragemgmt2604.blob.core.windows.net/",
            "queue": "https://teststoragemgmt2604.queue.core.windows.net/",
            "table": "https://teststoragemgmt2604.table.core.windows.net/",
            "file": "https://teststoragemgmt2604.file.core.windows.net/"
          },
          "primaryLocation": "eastus2",
          "statusOfPrimary": "available"
        }
      }
    },
    {
      "RequestUri": "https://management.azure.com/subscriptions/db1ab6f0-4769-4b27-930e-01e2ef9c123c/resourceGroups/teststorageRG-2186/providers/Microsoft.Storage/storageAccounts/teststoragemgmt2604?api-version=2021-04-01",
      "RequestMethod": "GET",
      "RequestHeaders": {
        "Accept": "application/json",
        "Authorization": "Sanitized",
        "traceparent": "00-de80dc044766cdd6ea83d3165ead694d-6de4316807b7794f-00",
        "User-Agent": "azsdk-net-ResourceManager.Storage/1.0.0-alpha.20220804.1 (.NET 6.0.7; Microsoft Windows 10.0.17763)",
        "x-ms-client-request-id": "e9aad8714474acd9927060ea0aa4ed58",
        "x-ms-return-client-request-id": "true"
      },
      "RequestBody": null,
      "StatusCode": 200,
      "ResponseHeaders": {
        "Cache-Control": "no-cache",
        "Content-Length": "1422",
        "Content-Type": "application/json",
        "Date": "Fri, 05 Aug 2022 01:56:50 GMT",
        "Expires": "-1",
        "Pragma": "no-cache",
        "Server": "Microsoft-Azure-Storage-Resource-Provider/1.0,Microsoft-HTTPAPI/2.0 Microsoft-HTTPAPI/2.0",
        "Strict-Transport-Security": "max-age=31536000; includeSubDomains",
        "X-Content-Type-Options": "nosniff",
        "x-ms-client-request-id": "e9aad8714474acd9927060ea0aa4ed58",
        "x-ms-correlation-request-id": "f4eb9fd9-da91-447c-8671-970a704bd115",
        "x-ms-ratelimit-remaining-subscription-reads": "11565",
        "x-ms-request-id": "3a825500-d48d-45b5-8fc6-d776fcb0c3bf",
        "x-ms-routing-request-id": "WESTUS:20220805T015650Z:f4eb9fd9-da91-447c-8671-970a704bd115"
      },
      "ResponseBody": {
        "identity": {
          "principalId": "675fbd39-9c53-4a08-870f-a1764746f5ae",
          "tenantId": "72f988bf-86f1-41af-91ab-2d7cd011db47",
          "type": "SystemAssigned"
        },
        "sku": {
          "name": "Standard_LRS",
          "tier": "Standard"
        },
        "kind": "Storage",
        "id": "/subscriptions/db1ab6f0-4769-4b27-930e-01e2ef9c123c/resourceGroups/teststorageRG-2186/providers/Microsoft.Storage/storageAccounts/teststoragemgmt2604",
        "name": "teststoragemgmt2604",
        "type": "Microsoft.Storage/storageAccounts",
        "location": "eastus2",
        "tags": {
          "key1": "value1",
          "key2": "value2"
        },
        "properties": {
          "keyCreationTime": {
            "key1": "2022-08-05T01:56:29.6786234Z",
            "key2": "2022-08-05T01:56:29.6786234Z"
          },
          "privateEndpointConnections": [],
          "networkAcls": {
            "bypass": "AzureServices",
            "virtualNetworkRules": [],
            "ipRules": [],
            "defaultAction": "Allow"
          },
          "supportsHttpsTrafficOnly": true,
          "encryption": {
            "services": {
              "file": {
                "keyType": "Account",
                "enabled": true,
                "lastEnabledTime": "2022-08-05T01:56:29.6786234Z"
              },
              "blob": {
                "keyType": "Account",
                "enabled": true,
                "lastEnabledTime": "2022-08-05T01:56:29.6786234Z"
              }
            },
            "keySource": "Microsoft.Storage"
          },
          "provisioningState": "Succeeded",
          "creationTime": "2022-08-05T01:56:29.5535368Z",
          "primaryEndpoints": {
            "blob": "https://teststoragemgmt2604.blob.core.windows.net/",
            "queue": "https://teststoragemgmt2604.queue.core.windows.net/",
            "table": "https://teststoragemgmt2604.table.core.windows.net/",
            "file": "https://teststoragemgmt2604.file.core.windows.net/"
          },
          "primaryLocation": "eastus2",
          "statusOfPrimary": "available"
        }
      }
    },
    {
      "RequestUri": "https://management.azure.com/subscriptions/db1ab6f0-4769-4b27-930e-01e2ef9c123c/resourceGroups/teststorageRG-2186/providers/Microsoft.Storage/storageAccounts?api-version=2021-04-01",
      "RequestMethod": "GET",
      "RequestHeaders": {
        "Accept": "application/json",
        "Authorization": "Sanitized",
        "traceparent": "00-c31a7434ec34f9e46c83316f382f7ccd-ebffc70e431548d5-00",
        "User-Agent": "azsdk-net-ResourceManager.Storage/1.0.0-alpha.20220804.1 (.NET 6.0.7; Microsoft Windows 10.0.17763)",
        "x-ms-client-request-id": "1049525ce7fd9ab7533b93fdd34b815a",
        "x-ms-return-client-request-id": "true"
      },
      "RequestBody": null,
      "StatusCode": 200,
      "ResponseHeaders": {
        "Cache-Control": "no-cache",
        "Content-Length": "1434",
        "Content-Type": "application/json",
        "Date": "Fri, 05 Aug 2022 01:56:50 GMT",
        "Expires": "-1",
        "Pragma": "no-cache",
        "Server": "Microsoft-Azure-Storage-Resource-Provider/1.0,Microsoft-HTTPAPI/2.0 Microsoft-HTTPAPI/2.0",
        "Strict-Transport-Security": "max-age=31536000; includeSubDomains",
        "X-Content-Type-Options": "nosniff",
        "x-ms-client-request-id": "1049525ce7fd9ab7533b93fdd34b815a",
        "x-ms-correlation-request-id": "2acb06f3-2acf-4499-90a6-dcde2634a768",
        "x-ms-ratelimit-remaining-subscription-reads": "11564",
        "x-ms-request-id": "de42a123-82b8-4eeb-b282-53a075f16f87",
        "x-ms-routing-request-id": "WESTUS:20220805T015650Z:2acb06f3-2acf-4499-90a6-dcde2634a768"
      },
      "ResponseBody": {
        "value": [
          {
            "identity": {
              "principalId": "675fbd39-9c53-4a08-870f-a1764746f5ae",
              "tenantId": "72f988bf-86f1-41af-91ab-2d7cd011db47",
              "type": "SystemAssigned"
            },
            "sku": {
              "name": "Standard_LRS",
              "tier": "Standard"
            },
            "kind": "Storage",
            "id": "/subscriptions/db1ab6f0-4769-4b27-930e-01e2ef9c123c/resourceGroups/teststorageRG-2186/providers/Microsoft.Storage/storageAccounts/teststoragemgmt2604",
            "name": "teststoragemgmt2604",
            "type": "Microsoft.Storage/storageAccounts",
            "location": "eastus2",
            "tags": {
              "key1": "value1",
              "key2": "value2"
            },
            "properties": {
              "keyCreationTime": {
                "key1": "2022-08-05T01:56:29.6786234Z",
                "key2": "2022-08-05T01:56:29.6786234Z"
              },
              "privateEndpointConnections": [],
              "networkAcls": {
                "bypass": "AzureServices",
                "virtualNetworkRules": [],
                "ipRules": [],
                "defaultAction": "Allow"
              },
              "supportsHttpsTrafficOnly": true,
              "encryption": {
                "services": {
                  "file": {
                    "keyType": "Account",
                    "enabled": true,
                    "lastEnabledTime": "2022-08-05T01:56:29.6786234Z"
                  },
                  "blob": {
                    "keyType": "Account",
                    "enabled": true,
                    "lastEnabledTime": "2022-08-05T01:56:29.6786234Z"
                  }
                },
                "keySource": "Microsoft.Storage"
              },
              "provisioningState": "Succeeded",
              "creationTime": "2022-08-05T01:56:29.5535368Z",
              "primaryEndpoints": {
                "blob": "https://teststoragemgmt2604.blob.core.windows.net/",
                "queue": "https://teststoragemgmt2604.queue.core.windows.net/",
                "table": "https://teststoragemgmt2604.table.core.windows.net/",
                "file": "https://teststoragemgmt2604.file.core.windows.net/"
              },
              "primaryLocation": "eastus2",
              "statusOfPrimary": "available"
            }
          }
        ]
      }
    },
    {
      "RequestUri": "https://management.azure.com/subscriptions/db1ab6f0-4769-4b27-930e-01e2ef9c123c/resourceGroups/teststorageRG-2186/providers/Microsoft.Storage/storageAccounts/teststoragemgmt2604?api-version=2021-04-01",
      "RequestMethod": "DELETE",
      "RequestHeaders": {
        "Authorization": "Sanitized",
        "traceparent": "00-2020aa74350d3e2134d91dc3fe703c6b-2eaf4fc692ae6fe5-00",
        "User-Agent": "azsdk-net-ResourceManager.Storage/1.0.0-alpha.20220804.1 (.NET 6.0.7; Microsoft Windows 10.0.17763)",
        "x-ms-client-request-id": "df03b4057b05f958a8ae8cb57ec40b2a",
        "x-ms-return-client-request-id": "true"
      },
      "RequestBody": null,
      "StatusCode": 200,
      "ResponseHeaders": {
        "Cache-Control": "no-cache",
        "Content-Length": "0",
        "Content-Type": "text/plain; charset=utf-8",
        "Date": "Fri, 05 Aug 2022 01:56:53 GMT",
        "Expires": "-1",
        "Pragma": "no-cache",
        "Server": "Microsoft-Azure-Storage-Resource-Provider/1.0,Microsoft-HTTPAPI/2.0 Microsoft-HTTPAPI/2.0",
        "Strict-Transport-Security": "max-age=31536000; includeSubDomains",
        "X-Content-Type-Options": "nosniff",
        "x-ms-client-request-id": "df03b4057b05f958a8ae8cb57ec40b2a",
        "x-ms-correlation-request-id": "0686e08f-40d3-4de0-be67-80289cc10dd0",
        "x-ms-ratelimit-remaining-subscription-deletes": "14941",
        "x-ms-request-id": "74167691-ddeb-4e8b-96eb-61c8c813099d",
        "x-ms-routing-request-id": "WESTUS:20220805T015653Z:0686e08f-40d3-4de0-be67-80289cc10dd0"
      },
      "ResponseBody": null
    }
  ],
  "Variables": {
    "AZURE_AUTHORITY_HOST": "https://login.microsoftonline.com",
    "RandomSeed": "181824687",
    "RESOURCE_MANAGER_URL": null,
    "SUBSCRIPTION_ID": "db1ab6f0-4769-4b27-930e-01e2ef9c123c"
  }
}
