{
  "Entries": [
    {
      "RequestUri": "https://management.azure.com/subscriptions/db1ab6f0-4769-4b27-930e-01e2ef9c123c?api-version=2021-01-01",
      "RequestMethod": "GET",
      "RequestHeaders": {
        "Accept": "application/json",
        "Authorization": "Sanitized",
        "traceparent": "00-1cb5ed7382384ebb929869818ba9e372-4e678073d8f2015b-00",
        "User-Agent": "azsdk-net-ResourceManager/1.2.1 (.NET 6.0.7; Microsoft Windows 10.0.17763)",
        "x-ms-client-request-id": "1612593a7ae3694750404785a8d502dc",
        "x-ms-return-client-request-id": "true"
      },
      "RequestBody": null,
      "StatusCode": 200,
      "ResponseHeaders": {
        "Cache-Control": "no-cache",
        "Content-Length": "747",
        "Content-Type": "application/json; charset=utf-8",
        "Date": "Fri, 05 Aug 2022 01:44:00 GMT",
        "Expires": "-1",
        "Pragma": "no-cache",
        "Strict-Transport-Security": "max-age=31536000; includeSubDomains",
        "X-Content-Type-Options": "nosniff",
        "x-ms-correlation-request-id": "6e4094ac-b633-4945-8e38-8fccf77582d3",
        "x-ms-ratelimit-remaining-subscription-reads": "11736",
        "x-ms-request-id": "6e4094ac-b633-4945-8e38-8fccf77582d3",
        "x-ms-routing-request-id": "WESTUS:20220805T014401Z:6e4094ac-b633-4945-8e38-8fccf77582d3"
      },
      "ResponseBody": {
        "id": "/subscriptions/db1ab6f0-4769-4b27-930e-01e2ef9c123c",
        "authorizationSource": "RoleBased",
        "managedByTenants": [],
        "tags": {
          "TagKey-9823": "TagValue-566",
          "TagKey-3481": "TagValue-320",
          "TagKey-4926": "TagValue-1187",
          "TagKey-751": "TagValue-3921",
          "TagKey-1866": "TagValue-8559",
          "TagKey-3094": "TagValue-9190",
          "TagKey-2449": "TagValue-9",
          "TagKey-8379": "TagValue-164",
          "TagKey-7470": "TagValue-2205",
          "TagKey-4236": "TagValue-3698",
          "TagKey-5316": "TagValue-2725"
        },
        "subscriptionId": "db1ab6f0-4769-4b27-930e-01e2ef9c123c",
        "tenantId": "72f988bf-86f1-41af-91ab-2d7cd011db47",
        "displayName": ".NET Mgmt SDK Test with TTL = 1 Day",
        "state": "Enabled",
        "subscriptionPolicies": {
          "locationPlacementId": "Internal_2014-09-01",
          "quotaId": "Internal_2014-09-01",
          "spendingLimit": "Off"
        }
      }
    },
    {
      "RequestUri": "https://management.azure.com/subscriptions/db1ab6f0-4769-4b27-930e-01e2ef9c123c/resourcegroups/teststorageRG-8548?api-version=2021-04-01",
      "RequestMethod": "PUT",
      "RequestHeaders": {
        "Accept": "application/json",
        "Authorization": "Sanitized",
        "Content-Length": "44",
        "Content-Type": "application/json",
        "traceparent": "00-ee9f07d27aeab3c580c83536354929ec-6451d0dae825cab0-00",
        "User-Agent": "azsdk-net-ResourceManager/1.2.1 (.NET 6.0.7; Microsoft Windows 10.0.17763)",
        "x-ms-client-request-id": "d23fc0d6a8eeccba8795ee4ad9e7424c",
        "x-ms-return-client-request-id": "true"
      },
      "RequestBody": {
        "tags": {
          "test": "env"
        },
        "location": "eastus2"
      },
      "StatusCode": 201,
      "ResponseHeaders": {
        "Cache-Control": "no-cache",
        "Content-Length": "256",
        "Content-Type": "application/json; charset=utf-8",
        "Date": "Fri, 05 Aug 2022 01:44:01 GMT",
        "Expires": "-1",
        "Pragma": "no-cache",
        "Strict-Transport-Security": "max-age=31536000; includeSubDomains",
        "X-Content-Type-Options": "nosniff",
        "x-ms-correlation-request-id": "97b77b4e-9987-47bd-ab3d-268a4da8e63b",
        "x-ms-ratelimit-remaining-subscription-writes": "1072",
        "x-ms-request-id": "97b77b4e-9987-47bd-ab3d-268a4da8e63b",
        "x-ms-routing-request-id": "WESTUS:20220805T014401Z:97b77b4e-9987-47bd-ab3d-268a4da8e63b"
      },
      "ResponseBody": {
        "id": "/subscriptions/db1ab6f0-4769-4b27-930e-01e2ef9c123c/resourceGroups/teststorageRG-8548",
        "name": "teststorageRG-8548",
        "type": "Microsoft.Resources/resourceGroups",
        "location": "eastus2",
        "tags": {
          "test": "env"
        },
        "properties": {
          "provisioningState": "Succeeded"
        }
      }
    },
    {
      "RequestUri": "https://management.azure.com/subscriptions/db1ab6f0-4769-4b27-930e-01e2ef9c123c/providers/Microsoft.Storage/checkNameAvailability?api-version=2019-06-01",
      "RequestMethod": "POST",
      "RequestHeaders": {
        "Accept": "application/json",
        "Authorization": "Sanitized",
        "Content-Length": "73",
        "Content-Type": "application/json",
        "traceparent": "00-19639a139fa88254db42af2c7f7dd745-4b7adc2bb37accc8-00",
        "User-Agent": "azsdk-net-ResourceManager.Storage/1.0.0-alpha.20220804.1 (.NET 6.0.7; Microsoft Windows 10.0.17763)",
        "x-ms-client-request-id": "de090cc84cacc629212c59b0dff20c87",
        "x-ms-return-client-request-id": "true"
      },
      "RequestBody": {
        "name": "teststoragemgmt1866",
        "type": "Microsoft.Storage/storageAccounts"
      },
      "StatusCode": 200,
      "ResponseHeaders": {
        "Cache-Control": "no-cache",
        "Content-Length": "22",
        "Content-Type": "application/json",
        "Date": "Fri, 05 Aug 2022 01:44:02 GMT",
        "Expires": "-1",
        "Pragma": "no-cache",
        "Server": "Microsoft-Azure-Storage-Resource-Provider/1.0,Microsoft-HTTPAPI/2.0 Microsoft-HTTPAPI/2.0",
        "Strict-Transport-Security": "max-age=31536000; includeSubDomains",
        "X-Content-Type-Options": "nosniff",
        "x-ms-client-request-id": "de090cc84cacc629212c59b0dff20c87",
        "x-ms-correlation-request-id": "2751b569-9b6a-4f30-9d5c-b9ca7e0b4bbe",
        "x-ms-ratelimit-remaining-subscription-reads": "11735",
        "x-ms-request-id": "fb15cb10-8734-421a-90fb-84f73ed244ad",
        "x-ms-routing-request-id": "WESTUS:20220805T014402Z:2751b569-9b6a-4f30-9d5c-b9ca7e0b4bbe"
      },
      "ResponseBody": {
        "nameAvailable": true
      }
    },
    {
      "RequestUri": "https://management.azure.com/subscriptions/db1ab6f0-4769-4b27-930e-01e2ef9c123c/resourceGroups/teststorageRG-8548/providers/Microsoft.Storage/storageAccounts/teststoragemgmt1866?api-version=2019-06-01",
      "RequestMethod": "PUT",
      "RequestHeaders": {
        "Accept": "application/json",
        "Authorization": "Sanitized",
        "Content-Length": "163",
        "Content-Type": "application/json",
        "traceparent": "00-a1ed6d5d384c9840e48914dc5b548f97-34cae3f4c4eeebea-00",
        "User-Agent": "azsdk-net-ResourceManager.Storage/1.0.0-alpha.20220804.1 (.NET 6.0.7; Microsoft Windows 10.0.17763)",
        "x-ms-client-request-id": "419cea1c4c3357b0495be4581f765804",
        "x-ms-return-client-request-id": "true"
      },
      "RequestBody": {
        "sku": {
          "name": "Standard_LRS"
        },
        "kind": "Storage",
        "location": "eastus2",
        "tags": {
          "key1": "value1",
          "key2": "value2"
        },
        "identity": {
          "type": "SystemAssigned"
        },
        "properties": {}
      },
      "StatusCode": 202,
      "ResponseHeaders": {
        "Cache-Control": "no-cache",
        "Content-Length": "0",
        "Content-Type": "text/plain; charset=utf-8",
        "Date": "Fri, 05 Aug 2022 01:44:05 GMT",
        "Expires": "-1",
        "Location": "https://management.azure.com/subscriptions/db1ab6f0-4769-4b27-930e-01e2ef9c123c/providers/Microsoft.Storage/locations/eastus2/asyncoperations/97b6cd29-5fc1-4a5e-9ce0-2ff196cb5605?monitor=true\u0026api-version=2019-06-01",
        "Pragma": "no-cache",
        "Retry-After": "17",
        "Server": "Microsoft-Azure-Storage-Resource-Provider/1.0,Microsoft-HTTPAPI/2.0 Microsoft-HTTPAPI/2.0",
        "Strict-Transport-Security": "max-age=31536000; includeSubDomains",
        "X-Content-Type-Options": "nosniff",
        "x-ms-client-request-id": "419cea1c4c3357b0495be4581f765804",
        "x-ms-correlation-request-id": "6d4bcb11-4a72-4c98-a77b-c0deccda0255",
        "x-ms-ratelimit-remaining-subscription-writes": "1071",
        "x-ms-request-id": "97b6cd29-5fc1-4a5e-9ce0-2ff196cb5605",
        "x-ms-routing-request-id": "WESTUS:20220805T014405Z:6d4bcb11-4a72-4c98-a77b-c0deccda0255"
      },
      "ResponseBody": null
    },
    {
      "RequestUri": "https://management.azure.com/subscriptions/db1ab6f0-4769-4b27-930e-01e2ef9c123c/providers/Microsoft.Storage/locations/eastus2/asyncoperations/97b6cd29-5fc1-4a5e-9ce0-2ff196cb5605?monitor=true\u0026api-version=2019-06-01",
      "RequestMethod": "GET",
      "RequestHeaders": {
        "Authorization": "Sanitized",
        "traceparent": "00-a1ed6d5d384c9840e48914dc5b548f97-da00be700d18d1a4-00",
        "User-Agent": "azsdk-net-ResourceManager/1.2.1 (.NET 6.0.7; Microsoft Windows 10.0.17763)",
        "x-ms-client-request-id": "fcbdc2e20ba67b165bb1955067d0a6aa",
        "x-ms-return-client-request-id": "true"
      },
      "RequestBody": null,
      "StatusCode": 202,
      "ResponseHeaders": {
        "Cache-Control": "no-cache",
        "Content-Length": "0",
        "Content-Type": "text/plain; charset=utf-8",
        "Date": "Fri, 05 Aug 2022 01:44:05 GMT",
        "Expires": "-1",
        "Location": "https://management.azure.com/subscriptions/db1ab6f0-4769-4b27-930e-01e2ef9c123c/providers/Microsoft.Storage/locations/eastus2/asyncoperations/97b6cd29-5fc1-4a5e-9ce0-2ff196cb5605?monitor=true\u0026api-version=2019-06-01",
        "Pragma": "no-cache",
        "Retry-After": "17",
        "Server": "Microsoft-Azure-Storage-Resource-Provider/1.0,Microsoft-HTTPAPI/2.0 Microsoft-HTTPAPI/2.0",
        "Strict-Transport-Security": "max-age=31536000; includeSubDomains",
        "X-Content-Type-Options": "nosniff",
        "x-ms-client-request-id": "fcbdc2e20ba67b165bb1955067d0a6aa",
        "x-ms-correlation-request-id": "c33f1750-86fc-43c6-90e8-ca2cb872f58e",
        "x-ms-ratelimit-remaining-subscription-reads": "11734",
        "x-ms-request-id": "0ed6fbf4-d3f4-4ec7-bfb2-d95cdc290450",
        "x-ms-routing-request-id": "WESTUS:20220805T014405Z:c33f1750-86fc-43c6-90e8-ca2cb872f58e"
      },
      "ResponseBody": null
    },
    {
      "RequestUri": "https://management.azure.com/subscriptions/db1ab6f0-4769-4b27-930e-01e2ef9c123c/providers/Microsoft.Storage/locations/eastus2/asyncoperations/97b6cd29-5fc1-4a5e-9ce0-2ff196cb5605?monitor=true\u0026api-version=2019-06-01",
      "RequestMethod": "GET",
      "RequestHeaders": {
        "Authorization": "Sanitized",
        "traceparent": "00-a1ed6d5d384c9840e48914dc5b548f97-8256f21fe56a647a-00",
        "User-Agent": "azsdk-net-ResourceManager/1.2.1 (.NET 6.0.7; Microsoft Windows 10.0.17763)",
        "x-ms-client-request-id": "817755d316e517b5c1292b267f34f62c",
        "x-ms-return-client-request-id": "true"
      },
      "RequestBody": null,
      "StatusCode": 200,
      "ResponseHeaders": {
        "Cache-Control": "no-cache",
        "Content-Length": "1326",
        "Content-Type": "application/json",
        "Date": "Fri, 05 Aug 2022 01:44:22 GMT",
        "Expires": "-1",
        "Pragma": "no-cache",
        "Server": "Microsoft-Azure-Storage-Resource-Provider/1.0,Microsoft-HTTPAPI/2.0 Microsoft-HTTPAPI/2.0",
        "Strict-Transport-Security": "max-age=31536000; includeSubDomains",
        "X-Content-Type-Options": "nosniff",
        "x-ms-client-request-id": "817755d316e517b5c1292b267f34f62c",
        "x-ms-correlation-request-id": "3d21edc9-fe35-4367-8699-42ddc4531ff4",
        "x-ms-ratelimit-remaining-subscription-reads": "11733",
        "x-ms-request-id": "3e4af9c9-613b-4248-8f91-0a9a460cb8cb",
        "x-ms-routing-request-id": "WESTUS:20220805T014423Z:3d21edc9-fe35-4367-8699-42ddc4531ff4"
      },
      "ResponseBody": {
        "identity": {
          "principalId": "1b504de5-96fa-4484-96fb-d0125b638903",
          "tenantId": "72f988bf-86f1-41af-91ab-2d7cd011db47",
          "type": "SystemAssigned"
        },
        "sku": {
          "name": "Standard_LRS",
          "tier": "Standard"
        },
        "kind": "Storage",
        "id": "/subscriptions/db1ab6f0-4769-4b27-930e-01e2ef9c123c/resourceGroups/teststorageRG-8548/providers/Microsoft.Storage/storageAccounts/teststoragemgmt1866",
        "name": "teststoragemgmt1866",
        "type": "Microsoft.Storage/storageAccounts",
        "location": "eastus2",
        "tags": {
          "key1": "value1",
          "key2": "value2"
        },
        "properties": {
          "privateEndpointConnections": [],
          "networkAcls": {
            "bypass": "AzureServices",
            "virtualNetworkRules": [],
            "ipRules": [],
            "defaultAction": "Allow"
          },
          "supportsHttpsTrafficOnly": true,
          "encryption": {
            "services": {
              "file": {
                "keyType": "Account",
                "enabled": true,
                "lastEnabledTime": "2022-08-05T01:44:03.9483013Z"
              },
              "blob": {
                "keyType": "Account",
                "enabled": true,
                "lastEnabledTime": "2022-08-05T01:44:03.9483013Z"
              }
            },
            "keySource": "Microsoft.Storage"
          },
          "provisioningState": "Succeeded",
          "creationTime": "2022-08-05T01:44:03.8389432Z",
          "primaryEndpoints": {
            "blob": "https://teststoragemgmt1866.blob.core.windows.net/",
            "queue": "https://teststoragemgmt1866.queue.core.windows.net/",
            "table": "https://teststoragemgmt1866.table.core.windows.net/",
            "file": "https://teststoragemgmt1866.file.core.windows.net/"
          },
          "primaryLocation": "eastus2",
          "statusOfPrimary": "available"
        }
      }
    },
    {
      "RequestUri": "https://management.azure.com/subscriptions/db1ab6f0-4769-4b27-930e-01e2ef9c123c/resourceGroups/teststorageRG-8548/providers/Microsoft.Storage/storageAccounts/teststoragemgmt1866?api-version=2019-06-01",
      "RequestMethod": "PATCH",
      "RequestHeaders": {
        "Accept": "application/json",
        "Authorization": "Sanitized",
        "Content-Length": "44",
        "Content-Type": "application/json",
        "traceparent": "00-79d8150297b342055567852fe69ad9b9-9468437cbb5a244f-00",
        "User-Agent": "azsdk-net-ResourceManager.Storage/1.0.0-alpha.20220804.1 (.NET 6.0.7; Microsoft Windows 10.0.17763)",
        "x-ms-client-request-id": "5c7641b35bb92d5e47919b206fd80b45",
        "x-ms-return-client-request-id": "true"
      },
      "RequestBody": {
        "identity": {
          "type": "None"
        },
        "properties": {}
      },
      "StatusCode": 200,
      "ResponseHeaders": {
        "Cache-Control": "no-cache",
        "Content-Length": "1213",
        "Content-Type": "application/json",
        "Date": "Fri, 05 Aug 2022 01:44:24 GMT",
        "Expires": "-1",
        "Pragma": "no-cache",
        "Server": "Microsoft-Azure-Storage-Resource-Provider/1.0,Microsoft-HTTPAPI/2.0 Microsoft-HTTPAPI/2.0",
        "Strict-Transport-Security": "max-age=31536000; includeSubDomains",
        "X-Content-Type-Options": "nosniff",
        "x-ms-client-request-id": "5c7641b35bb92d5e47919b206fd80b45",
        "x-ms-correlation-request-id": "bf513341-701d-4757-8f02-ea1e9a970c52",
        "x-ms-ratelimit-remaining-subscription-writes": "1070",
        "x-ms-request-id": "c3cfbc8e-105a-4a84-8600-c3059edade3d",
        "x-ms-routing-request-id": "WESTUS:20220805T014424Z:bf513341-701d-4757-8f02-ea1e9a970c52"
      },
      "ResponseBody": {
        "identity": {
          "type": "None"
        },
        "sku": {
          "name": "Standard_LRS",
          "tier": "Standard"
        },
        "kind": "Storage",
        "id": "/subscriptions/db1ab6f0-4769-4b27-930e-01e2ef9c123c/resourceGroups/teststorageRG-8548/providers/Microsoft.Storage/storageAccounts/teststoragemgmt1866",
        "name": "teststoragemgmt1866",
        "type": "Microsoft.Storage/storageAccounts",
        "location": "eastus2",
        "tags": {
          "key1": "value1",
          "key2": "value2"
        },
        "properties": {
          "privateEndpointConnections": [],
          "networkAcls": {
            "bypass": "AzureServices",
            "virtualNetworkRules": [],
            "ipRules": [],
            "defaultAction": "Allow"
          },
          "supportsHttpsTrafficOnly": true,
          "encryption": {
            "services": {
              "file": {
                "keyType": "Account",
                "enabled": true,
                "lastEnabledTime": "2022-08-05T01:44:03.9483013Z"
              },
              "blob": {
                "keyType": "Account",
                "enabled": true,
                "lastEnabledTime": "2022-08-05T01:44:03.9483013Z"
              }
            },
            "keySource": "Microsoft.Storage"
          },
          "provisioningState": "Succeeded",
          "creationTime": "2022-08-05T01:44:03.8389432Z",
          "primaryEndpoints": {
            "blob": "https://teststoragemgmt1866.blob.core.windows.net/",
            "queue": "https://teststoragemgmt1866.queue.core.windows.net/",
            "table": "https://teststoragemgmt1866.table.core.windows.net/",
            "file": "https://teststoragemgmt1866.file.core.windows.net/"
          },
          "primaryLocation": "eastus2",
          "statusOfPrimary": "available"
        }
      }
    },
    {
      "RequestUri": "https://management.azure.com/subscriptions/db1ab6f0-4769-4b27-930e-01e2ef9c123c/resourceGroups/teststorageRG-8548/providers/Microsoft.Storage/storageAccounts/teststoragemgmt1866?api-version=2019-06-01",
      "RequestMethod": "GET",
      "RequestHeaders": {
        "Accept": "application/json",
        "Authorization": "Sanitized",
        "traceparent": "00-73f6ffd78768fbf81c61ce931d2059b4-470bddb3addc3c38-00",
        "User-Agent": "azsdk-net-ResourceManager.Storage/1.0.0-alpha.20220804.1 (.NET 6.0.7; Microsoft Windows 10.0.17763)",
        "x-ms-client-request-id": "0ca8226527a5ccbd0da53b7ce0f0fc26",
        "x-ms-return-client-request-id": "true"
      },
      "RequestBody": null,
      "StatusCode": 200,
      "ResponseHeaders": {
        "Cache-Control": "no-cache",
        "Content-Length": "1213",
        "Content-Type": "application/json",
        "Date": "Fri, 05 Aug 2022 01:44:24 GMT",
        "Expires": "-1",
        "Pragma": "no-cache",
        "Server": "Microsoft-Azure-Storage-Resource-Provider/1.0,Microsoft-HTTPAPI/2.0 Microsoft-HTTPAPI/2.0",
        "Strict-Transport-Security": "max-age=31536000; includeSubDomains",
        "X-Content-Type-Options": "nosniff",
        "x-ms-client-request-id": "0ca8226527a5ccbd0da53b7ce0f0fc26",
        "x-ms-correlation-request-id": "dda43890-8807-4bce-9e95-1d1db23c5b21",
        "x-ms-ratelimit-remaining-subscription-reads": "11732",
        "x-ms-request-id": "d0eeffa9-5836-4003-ad41-5ec68a99e8a7",
        "x-ms-routing-request-id": "WESTUS:20220805T014424Z:dda43890-8807-4bce-9e95-1d1db23c5b21"
      },
      "ResponseBody": {
        "identity": {
          "type": "None"
        },
        "sku": {
          "name": "Standard_LRS",
          "tier": "Standard"
        },
        "kind": "Storage",
        "id": "/subscriptions/db1ab6f0-4769-4b27-930e-01e2ef9c123c/resourceGroups/teststorageRG-8548/providers/Microsoft.Storage/storageAccounts/teststoragemgmt1866",
        "name": "teststoragemgmt1866",
        "type": "Microsoft.Storage/storageAccounts",
        "location": "eastus2",
        "tags": {
          "key1": "value1",
          "key2": "value2"
        },
        "properties": {
          "privateEndpointConnections": [],
          "networkAcls": {
            "bypass": "AzureServices",
            "virtualNetworkRules": [],
            "ipRules": [],
            "defaultAction": "Allow"
          },
          "supportsHttpsTrafficOnly": true,
          "encryption": {
            "services": {
              "file": {
                "keyType": "Account",
                "enabled": true,
                "lastEnabledTime": "2022-08-05T01:44:03.9483013Z"
              },
              "blob": {
                "keyType": "Account",
                "enabled": true,
                "lastEnabledTime": "2022-08-05T01:44:03.9483013Z"
              }
            },
            "keySource": "Microsoft.Storage"
          },
          "provisioningState": "Succeeded",
          "creationTime": "2022-08-05T01:44:03.8389432Z",
          "primaryEndpoints": {
            "blob": "https://teststoragemgmt1866.blob.core.windows.net/",
            "queue": "https://teststoragemgmt1866.queue.core.windows.net/",
            "table": "https://teststoragemgmt1866.table.core.windows.net/",
            "file": "https://teststoragemgmt1866.file.core.windows.net/"
          },
          "primaryLocation": "eastus2",
          "statusOfPrimary": "available"
        }
      }
    },
    {
      "RequestUri": "https://management.azure.com/subscriptions/db1ab6f0-4769-4b27-930e-01e2ef9c123c/resourceGroups/teststorageRG-8548/providers/Microsoft.Storage/storageAccounts?api-version=2019-06-01",
      "RequestMethod": "GET",
      "RequestHeaders": {
        "Accept": "application/json",
        "Authorization": "Sanitized",
        "traceparent": "00-5a6d163713d2a290cc34939ecb8f82c6-2f2461ae8a3d5772-00",
        "User-Agent": "azsdk-net-ResourceManager.Storage/1.0.0-alpha.20220804.1 (.NET 6.0.7; Microsoft Windows 10.0.17763)",
        "x-ms-client-request-id": "269d68bb4a5a78f1f64a3a537a94a8e8",
        "x-ms-return-client-request-id": "true"
      },
      "RequestBody": null,
      "StatusCode": 200,
      "ResponseHeaders": {
        "Cache-Control": "no-cache",
        "Content-Length": "1225",
        "Content-Type": "application/json",
        "Date": "Fri, 05 Aug 2022 01:44:24 GMT",
        "Expires": "-1",
        "Pragma": "no-cache",
        "Server": "Microsoft-Azure-Storage-Resource-Provider/1.0,Microsoft-HTTPAPI/2.0 Microsoft-HTTPAPI/2.0",
        "Strict-Transport-Security": "max-age=31536000; includeSubDomains",
        "X-Content-Type-Options": "nosniff",
        "x-ms-client-request-id": "269d68bb4a5a78f1f64a3a537a94a8e8",
        "x-ms-correlation-request-id": "d796c63b-da3d-4c00-958f-dd4ec1a4b4f7",
        "x-ms-ratelimit-remaining-subscription-reads": "11731",
        "x-ms-request-id": "28fc7dcc-d783-4611-9776-1808ca263b35",
        "x-ms-routing-request-id": "WESTUS:20220805T014424Z:d796c63b-da3d-4c00-958f-dd4ec1a4b4f7"
      },
      "ResponseBody": {
        "value": [
          {
            "identity": {
              "type": "None"
            },
            "sku": {
              "name": "Standard_LRS",
              "tier": "Standard"
            },
            "kind": "Storage",
            "id": "/subscriptions/db1ab6f0-4769-4b27-930e-01e2ef9c123c/resourceGroups/teststorageRG-8548/providers/Microsoft.Storage/storageAccounts/teststoragemgmt1866",
            "name": "teststoragemgmt1866",
            "type": "Microsoft.Storage/storageAccounts",
            "location": "eastus2",
            "tags": {
              "key1": "value1",
              "key2": "value2"
            },
            "properties": {
              "privateEndpointConnections": [],
              "networkAcls": {
                "bypass": "AzureServices",
                "virtualNetworkRules": [],
                "ipRules": [],
                "defaultAction": "Allow"
              },
              "supportsHttpsTrafficOnly": true,
              "encryption": {
                "services": {
                  "file": {
                    "keyType": "Account",
                    "enabled": true,
                    "lastEnabledTime": "2022-08-05T01:44:03.9483013Z"
                  },
                  "blob": {
                    "keyType": "Account",
                    "enabled": true,
                    "lastEnabledTime": "2022-08-05T01:44:03.9483013Z"
                  }
                },
                "keySource": "Microsoft.Storage"
              },
              "provisioningState": "Succeeded",
              "creationTime": "2022-08-05T01:44:03.8389432Z",
              "primaryEndpoints": {
                "blob": "https://teststoragemgmt1866.blob.core.windows.net/",
                "queue": "https://teststoragemgmt1866.queue.core.windows.net/",
                "table": "https://teststoragemgmt1866.table.core.windows.net/",
                "file": "https://teststoragemgmt1866.file.core.windows.net/"
              },
              "primaryLocation": "eastus2",
              "statusOfPrimary": "available"
            }
          }
        ]
      }
    },
    {
      "RequestUri": "https://management.azure.com/subscriptions/db1ab6f0-4769-4b27-930e-01e2ef9c123c/resourceGroups/teststorageRG-8548/providers/Microsoft.Storage/storageAccounts/teststoragemgmt1866?api-version=2019-06-01",
      "RequestMethod": "DELETE",
      "RequestHeaders": {
        "Authorization": "Sanitized",
        "traceparent": "00-05922ff4e657c8952ca36a9eae1e448e-bd8719f4a0144bbd-00",
        "User-Agent": "azsdk-net-ResourceManager.Storage/1.0.0-alpha.20220804.1 (.NET 6.0.7; Microsoft Windows 10.0.17763)",
        "x-ms-client-request-id": "5dc1e61eea8c8b8783aa4f141fe14c57",
        "x-ms-return-client-request-id": "true"
      },
      "RequestBody": null,
      "StatusCode": 200,
      "ResponseHeaders": {
        "Cache-Control": "no-cache",
        "Content-Length": "0",
        "Content-Type": "text/plain; charset=utf-8",
        "Date": "Fri, 05 Aug 2022 01:44:27 GMT",
        "Expires": "-1",
        "Pragma": "no-cache",
        "Server": "Microsoft-Azure-Storage-Resource-Provider/1.0,Microsoft-HTTPAPI/2.0 Microsoft-HTTPAPI/2.0",
        "Strict-Transport-Security": "max-age=31536000; includeSubDomains",
        "X-Content-Type-Options": "nosniff",
        "x-ms-client-request-id": "5dc1e61eea8c8b8783aa4f141fe14c57",
        "x-ms-correlation-request-id": "1c559fc2-1083-4238-97f4-576d3202e52a",
        "x-ms-ratelimit-remaining-subscription-deletes": "14963",
        "x-ms-request-id": "73045d7b-bfa5-4946-bcac-52b922671b7a",
        "x-ms-routing-request-id": "WESTUS:20220805T014427Z:1c559fc2-1083-4238-97f4-576d3202e52a"
      },
      "ResponseBody": null
    }
  ],
  "Variables": {
    "AZURE_AUTHORITY_HOST": "https://login.microsoftonline.com",
    "RandomSeed": "2071409799",
    "RESOURCE_MANAGER_URL": null,
    "SUBSCRIPTION_ID": "db1ab6f0-4769-4b27-930e-01e2ef9c123c"
  }
}
