{
  "Entries": [
    {
      "RequestUri": "https://management.azure.com/subscriptions/db1ab6f0-4769-4b27-930e-01e2ef9c123c?api-version=2016-06-01",
      "RequestMethod": "GET",
      "RequestHeaders": {
        "Accept": "application/json",
        "Authorization": "Sanitized",
        "traceparent": "00-482e9ca0a384047eb034a1a18f88cceb-e8b1f457d4889b3c-00",
        "User-Agent": "azsdk-net-ResourceManager/1.3.0-alpha.20220722.1 (.NET 6.0.7; Microsoft Windows 10.0.17763)",
        "x-ms-client-request-id": "f386f66d6559c1905b2a59bacdc3ae07",
        "x-ms-return-client-request-id": "true"
      },
      "RequestBody": null,
      "StatusCode": 200,
      "ResponseHeaders": {
        "Cache-Control": "no-cache",
        "Content-Length": "343",
        "Content-Type": "application/json; charset=utf-8",
        "Date": "Sat, 23 Jul 2022 01:32:34 GMT",
        "Expires": "-1",
        "Pragma": "no-cache",
        "Strict-Transport-Security": "max-age=31536000; includeSubDomains",
        "X-Content-Type-Options": "nosniff",
        "x-ms-correlation-request-id": "ee529e22-b3c8-4bb2-8f14-90ae1c27a6ee",
        "x-ms-ratelimit-remaining-subscription-reads": "11999",
        "x-ms-request-id": "ee529e22-b3c8-4bb2-8f14-90ae1c27a6ee",
        "x-ms-routing-request-id": "WESTCENTRALUS:20220723T013235Z:ee529e22-b3c8-4bb2-8f14-90ae1c27a6ee"
      },
      "ResponseBody": {
        "id": "/subscriptions/db1ab6f0-4769-4b27-930e-01e2ef9c123c",
        "authorizationSource": "RoleBased",
        "subscriptionId": "db1ab6f0-4769-4b27-930e-01e2ef9c123c",
        "displayName": ".NET Mgmt SDK Test with TTL = 1 Day",
        "state": "Enabled",
        "subscriptionPolicies": {
          "locationPlacementId": "Internal_2014-09-01",
          "quotaId": "Internal_2014-09-01",
          "spendingLimit": "Off"
        }
      }
    },
    {
      "RequestUri": "https://management.azure.com/subscriptions/db1ab6f0-4769-4b27-930e-01e2ef9c123c/resourcegroups/test-CacheHttpPipeline5161?api-version=2021-04-01",
      "RequestMethod": "PUT",
      "RequestHeaders": {
        "Accept": "application/json",
        "Authorization": "Sanitized",
        "Content-Length": "21",
        "Content-Type": "application/json",
        "traceparent": "00-0fad5d9381be89491fa2dd69dae25167-932f3db18caf59ca-00",
        "User-Agent": "azsdk-net-ResourceManager/1.3.0-alpha.20220722.1 (.NET 6.0.7; Microsoft Windows 10.0.17763)",
        "x-ms-client-request-id": "871913d126ba13dd23929de6648368a8",
        "x-ms-return-client-request-id": "true"
      },
      "RequestBody": {
        "location": "westus"
      },
      "StatusCode": 201,
      "ResponseHeaders": {
        "Cache-Control": "no-cache",
        "Content-Length": "249",
        "Content-Type": "application/json; charset=utf-8",
        "Date": "Sat, 23 Jul 2022 01:32:36 GMT",
        "Expires": "-1",
        "Pragma": "no-cache",
        "Strict-Transport-Security": "max-age=31536000; includeSubDomains",
        "X-Content-Type-Options": "nosniff",
        "x-ms-correlation-request-id": "c3bc6f3d-c374-44d1-ba64-80f9fafed89c",
        "x-ms-ratelimit-remaining-subscription-writes": "1199",
        "x-ms-request-id": "c3bc6f3d-c374-44d1-ba64-80f9fafed89c",
        "x-ms-routing-request-id": "WESTCENTRALUS:20220723T013236Z:c3bc6f3d-c374-44d1-ba64-80f9fafed89c"
      },
      "ResponseBody": {
        "id": "/subscriptions/db1ab6f0-4769-4b27-930e-01e2ef9c123c/resourceGroups/test-CacheHttpPipeline5161",
        "name": "test-CacheHttpPipeline5161",
        "type": "Microsoft.Resources/resourceGroups",
        "location": "westus",
        "properties": {
          "provisioningState": "Succeeded"
        }
      }
    },
    {
      "RequestUri": "https://management.azure.com/subscriptions/db1ab6f0-4769-4b27-930e-01e2ef9c123c/resourcegroups?api-version=2021-04-01",
      "RequestMethod": "GET",
      "RequestHeaders": {
        "Accept": "application/json",
        "Authorization": "Sanitized",
        "traceparent": "00-98b2e52668bf4de4041811f70574c333-8b68208fb5897e16-00",
        "User-Agent": "azsdk-net-ResourceManager/1.3.0-alpha.20220722.1 (.NET 6.0.7; Microsoft Windows 10.0.17763)",
        "x-ms-client-request-id": "23d9e94241866a6007be025264709b72",
        "x-ms-return-client-request-id": "true"
      },
      "RequestBody": null,
      "StatusCode": 200,
      "ResponseHeaders": {
        "Cache-Control": "no-cache",
        "Content-Length": "10238",
        "Content-Type": "application/json; charset=utf-8",
        "Date": "Sat, 23 Jul 2022 01:32:36 GMT",
        "Expires": "-1",
        "Pragma": "no-cache",
        "Strict-Transport-Security": "max-age=31536000; includeSubDomains",
        "X-Content-Type-Options": "nosniff",
        "x-ms-correlation-request-id": "bb09addf-f274-488d-9556-0ceced109f88",
        "x-ms-ratelimit-remaining-subscription-reads": "11995",
        "x-ms-request-id": "bb09addf-f274-488d-9556-0ceced109f88",
        "x-ms-routing-request-id": "WESTCENTRALUS:20220723T013236Z:bb09addf-f274-488d-9556-0ceced109f88"
      },
      "ResponseBody": {
        "value": [
          {
            "id": "/subscriptions/db1ab6f0-4769-4b27-930e-01e2ef9c123c/resourceGroups/Default-EventHub-1375",
            "name": "Default-EventHub-1375",
            "type": "Microsoft.Resources/resourceGroups",
            "location": "southcentralus",
            "properties": {
              "provisioningState": "Succeeded"
            }
          },
          {
            "id": "/subscriptions/db1ab6f0-4769-4b27-930e-01e2ef9c123c/resourceGroups/cleanupService",
            "name": "cleanupService",
            "type": "Microsoft.Resources/resourceGroups",
            "location": "eastus2",
            "tags": {},
            "properties": {
              "provisioningState": "Succeeded"
            }
          },
          {
            "id": "/subscriptions/db1ab6f0-4769-4b27-930e-01e2ef9c123c/resourceGroups/AzSecPackAutoConfigRG",
            "name": "AzSecPackAutoConfigRG",
            "type": "Microsoft.Resources/resourceGroups",
            "location": "eastus",
            "properties": {
              "provisioningState": "Succeeded"
            }
          },
          {
            "id": "/subscriptions/db1ab6f0-4769-4b27-930e-01e2ef9c123c/resourceGroups/managed-rg-ImportGlossaryTest",
            "name": "managed-rg-ImportGlossaryTest",
            "type": "Microsoft.Resources/resourceGroups",
            "location": "eastus",
            "managedBy": "/subscriptions/db1ab6f0-4769-4b27-930e-01e2ef9c123c/resourceGroups/pashaoTest/providers/Microsoft.Purview/accounts/ImportGlossaryTest",
            "tags": {},
            "properties": {
              "provisioningState": "Succeeded"
            }
          },
          {
            "id": "/subscriptions/db1ab6f0-4769-4b27-930e-01e2ef9c123c/resourceGroups/synapseworkspace-managedrg-fa4992f1-02d0-43d7-9fc6-ed3a478bf71e",
            "name": "synapseworkspace-managedrg-fa4992f1-02d0-43d7-9fc6-ed3a478bf71e",
            "type": "Microsoft.Resources/resourceGroups",
            "location": "eastus",
            "managedBy": "subscriptions/db1ab6f0-4769-4b27-930e-01e2ef9c123c/resourceGroups/pashaoTest/providers/Microsoft.Synapse/workspaces/pashaolivetest",
            "tags": {},
            "properties": {
              "provisioningState": "Succeeded"
            }
          },
          {
            "id": "/subscriptions/db1ab6f0-4769-4b27-930e-01e2ef9c123c/resourceGroups/sdkpipeline",
            "name": "sdkpipeline",
            "type": "Microsoft.Resources/resourceGroups",
            "location": "westus",
            "properties": {
              "provisioningState": "Succeeded"
            }
          },
          {
            "id": "/subscriptions/db1ab6f0-4769-4b27-930e-01e2ef9c123c/resourceGroups/test-CacheHttpPipeline5711",
            "name": "test-CacheHttpPipeline5711",
            "type": "Microsoft.Resources/resourceGroups",
            "location": "westus",
            "properties": {
              "provisioningState": "Succeeded"
            }
          },
          {
            "id": "/subscriptions/db1ab6f0-4769-4b27-930e-01e2ef9c123c/resourceGroups/test-CacheHttpPipeline8598",
            "name": "test-CacheHttpPipeline8598",
            "type": "Microsoft.Resources/resourceGroups",
            "location": "westus",
            "properties": {
              "provisioningState": "Succeeded"
            }
          },
          {
            "id": "/subscriptions/db1ab6f0-4769-4b27-930e-01e2ef9c123c/resourceGroups/test-CacheHttpPipeline3543",
            "name": "test-CacheHttpPipeline3543",
            "type": "Microsoft.Resources/resourceGroups",
            "location": "westus",
            "properties": {
              "provisioningState": "Succeeded"
            }
          },
          {
            "id": "/subscriptions/db1ab6f0-4769-4b27-930e-01e2ef9c123c/resourceGroups/test-CacheHttpPipeline5161",
            "name": "test-CacheHttpPipeline5161",
            "type": "Microsoft.Resources/resourceGroups",
            "location": "westus",
            "properties": {
              "provisioningState": "Succeeded"
            }
          },
          {
            "id": "/subscriptions/db1ab6f0-4769-4b27-930e-01e2ef9c123c/resourceGroups/pashaoTest",
            "name": "pashaoTest",
            "type": "Microsoft.Resources/resourceGroups",
            "location": "westus2",
            "properties": {
              "provisioningState": "Succeeded"
            }
          },
          {
            "id": "/subscriptions/db1ab6f0-4769-4b27-930e-01e2ef9c123c/resourceGroups/teststorageRG-5335",
            "name": "teststorageRG-5335",
            "type": "Microsoft.Resources/resourceGroups",
            "location": "eastus2",
            "tags": {
              "test": "env"
            },
            "properties": {
              "provisioningState": "Deleting"
            }
          },
          {
            "id": "/subscriptions/db1ab6f0-4769-4b27-930e-01e2ef9c123c/resourceGroups/teststorageRG-6327",
            "name": "teststorageRG-6327",
            "type": "Microsoft.Resources/resourceGroups",
            "location": "eastus2",
            "tags": {
              "test": "env"
            },
            "properties": {
              "provisioningState": "Succeeded"
            }
          },
          {
            "id": "/subscriptions/db1ab6f0-4769-4b27-930e-01e2ef9c123c/resourceGroups/teststorageRG-197",
            "name": "teststorageRG-197",
            "type": "Microsoft.Resources/resourceGroups",
            "location": "eastus2",
            "tags": {
              "test": "env"
            },
            "properties": {
              "provisioningState": "Succeeded"
            }
          },
          {
            "id": "/subscriptions/db1ab6f0-4769-4b27-930e-01e2ef9c123c/resourceGroups/NetworkWatcherRG",
            "name": "NetworkWatcherRG",
            "type": "Microsoft.Resources/resourceGroups",
            "location": "eastus2",
            "properties": {
              "provisioningState": "Succeeded"
            }
          },
          {
            "id": "/subscriptions/db1ab6f0-4769-4b27-930e-01e2ef9c123c/resourceGroups/teststorageRG-4990",
            "name": "teststorageRG-4990",
            "type": "Microsoft.Resources/resourceGroups",
            "location": "eastus2",
            "tags": {
              "test": "env"
            },
            "properties": {
              "provisioningState": "Succeeded"
            }
          },
          {
            "id": "/subscriptions/db1ab6f0-4769-4b27-930e-01e2ef9c123c/resourceGroups/teststorageRG-4742",
            "name": "teststorageRG-4742",
            "type": "Microsoft.Resources/resourceGroups",
            "location": "eastus2",
            "tags": {
              "test": "env"
            },
            "properties": {
              "provisioningState": "Succeeded"
            }
          },
          {
            "id": "/subscriptions/db1ab6f0-4769-4b27-930e-01e2ef9c123c/resourceGroups/teststorageRG-6853",
            "name": "teststorageRG-6853",
            "type": "Microsoft.Resources/resourceGroups",
            "location": "eastus2",
            "tags": {
              "test": "env"
            },
            "properties": {
              "provisioningState": "Succeeded"
            }
          },
          {
            "id": "/subscriptions/db1ab6f0-4769-4b27-930e-01e2ef9c123c/resourceGroups/testRG-2209",
            "name": "testRG-2209",
            "type": "Microsoft.Resources/resourceGroups",
            "location": "eastus2",
            "tags": {
              "test": "env"
            },
            "properties": {
              "provisioningState": "Succeeded"
            }
          },
          {
            "id": "/subscriptions/db1ab6f0-4769-4b27-930e-01e2ef9c123c/resourceGroups/testRG-5157",
            "name": "testRG-5157",
            "type": "Microsoft.Resources/resourceGroups",
            "location": "eastus2",
            "tags": {
              "test": "env"
            },
            "properties": {
              "provisioningState": "Succeeded"
            }
          },
          {
            "id": "/subscriptions/db1ab6f0-4769-4b27-930e-01e2ef9c123c/resourceGroups/testRG-3552",
            "name": "testRG-3552",
            "type": "Microsoft.Resources/resourceGroups",
            "location": "eastus2",
            "tags": {
              "test": "env"
            },
            "properties": {
              "provisioningState": "Succeeded"
            }
          },
          {
            "id": "/subscriptions/db1ab6f0-4769-4b27-930e-01e2ef9c123c/resourceGroups/testRG-4929",
            "name": "testRG-4929",
            "type": "Microsoft.Resources/resourceGroups",
            "location": "eastus2",
            "tags": {
              "test": "env"
            },
            "properties": {
              "provisioningState": "Succeeded"
            }
          },
          {
            "id": "/subscriptions/db1ab6f0-4769-4b27-930e-01e2ef9c123c/resourceGroups/testRG-8868",
            "name": "testRG-8868",
            "type": "Microsoft.Resources/resourceGroups",
            "location": "eastus2",
            "tags": {
              "test": "env"
            },
            "properties": {
              "provisioningState": "Succeeded"
            }
          },
          {
            "id": "/subscriptions/db1ab6f0-4769-4b27-930e-01e2ef9c123c/resourceGroups/feng_test",
            "name": "feng_test",
            "type": "Microsoft.Resources/resourceGroups",
            "location": "eastus2",
            "properties": {
              "provisioningState": "Succeeded"
            }
          },
          {
            "id": "/subscriptions/db1ab6f0-4769-4b27-930e-01e2ef9c123c/resourceGroups/teststorageRG-5295",
            "name": "teststorageRG-5295",
            "type": "Microsoft.Resources/resourceGroups",
            "location": "eastus2",
            "tags": {
              "test": "env"
            },
            "properties": {
              "provisioningState": "Succeeded"
            }
          },
          {
            "id": "/subscriptions/db1ab6f0-4769-4b27-930e-01e2ef9c123c/resourceGroups/teststorageRG-8751",
            "name": "teststorageRG-8751",
            "type": "Microsoft.Resources/resourceGroups",
            "location": "eastus2",
            "tags": {
              "test": "env"
            },
            "properties": {
              "provisioningState": "Succeeded"
            }
          },
          {
            "id": "/subscriptions/db1ab6f0-4769-4b27-930e-01e2ef9c123c/resourceGroups/teststorageRG-725",
            "name": "teststorageRG-725",
            "type": "Microsoft.Resources/resourceGroups",
            "location": "eastus2",
            "tags": {
              "test": "env"
            },
            "properties": {
              "provisioningState": "Succeeded"
            }
          },
          {
            "id": "/subscriptions/db1ab6f0-4769-4b27-930e-01e2ef9c123c/resourceGroups/testRG-7391",
            "name": "testRG-7391",
            "type": "Microsoft.Resources/resourceGroups",
            "location": "eastus2",
            "tags": {
              "test": "env"
            },
            "properties": {
              "provisioningState": "Succeeded"
            }
          },
          {
            "id": "/subscriptions/db1ab6f0-4769-4b27-930e-01e2ef9c123c/resourceGroups/testRG-3246",
            "name": "testRG-3246",
            "type": "Microsoft.Resources/resourceGroups",
            "location": "eastus2",
            "tags": {
              "test": "env"
            },
            "properties": {
              "provisioningState": "Succeeded"
            }
          },
          {
            "id": "/subscriptions/db1ab6f0-4769-4b27-930e-01e2ef9c123c/resourceGroups/testRG-333",
            "name": "testRG-333",
            "type": "Microsoft.Resources/resourceGroups",
            "location": "eastus2",
            "tags": {
              "test": "env"
            },
            "properties": {
              "provisioningState": "Succeeded"
            }
          },
          {
            "id": "/subscriptions/db1ab6f0-4769-4b27-930e-01e2ef9c123c/resourceGroups/teststorageRG-9963",
            "name": "teststorageRG-9963",
            "type": "Microsoft.Resources/resourceGroups",
            "location": "eastus2",
            "tags": {
              "test": "env"
            },
            "properties": {
              "provisioningState": "Succeeded"
            }
          },
          {
            "id": "/subscriptions/db1ab6f0-4769-4b27-930e-01e2ef9c123c/resourceGroups/teststorageRG-6067",
            "name": "teststorageRG-6067",
            "type": "Microsoft.Resources/resourceGroups",
            "location": "eastus2",
            "tags": {
              "test": "env"
            },
            "properties": {
              "provisioningState": "Succeeded"
            }
          },
          {
            "id": "/subscriptions/db1ab6f0-4769-4b27-930e-01e2ef9c123c/resourceGroups/teststorageRG-4259",
            "name": "teststorageRG-4259",
            "type": "Microsoft.Resources/resourceGroups",
            "location": "eastus2",
            "tags": {
              "test": "env"
            },
            "properties": {
              "provisioningState": "Succeeded"
            }
          },
          {
            "id": "/subscriptions/db1ab6f0-4769-4b27-930e-01e2ef9c123c/resourceGroups/teststorageRG-8601",
            "name": "teststorageRG-8601",
            "type": "Microsoft.Resources/resourceGroups",
            "location": "eastus2",
            "tags": {
              "test": "env"
            },
            "properties": {
              "provisioningState": "Succeeded"
            }
          },
          {
            "id": "/subscriptions/db1ab6f0-4769-4b27-930e-01e2ef9c123c/resourceGroups/newsdktest",
            "name": "newsdktest",
            "type": "Microsoft.Resources/resourceGroups",
            "location": "eastus2",
            "properties": {
              "provisioningState": "Succeeded"
            }
          },
          {
            "id": "/subscriptions/db1ab6f0-4769-4b27-930e-01e2ef9c123c/resourceGroups/DataLakeAnalytics-RG-0001",
            "name": "DataLakeAnalytics-RG-0001",
            "type": "Microsoft.Resources/resourceGroups",
            "location": "eastus2",
            "tags": {},
            "properties": {
              "provisioningState": "Succeeded"
            }
          },
          {
            "id": "/subscriptions/db1ab6f0-4769-4b27-930e-01e2ef9c123c/resourceGroups/AutoRestResources2",
            "name": "AutoRestResources2",
            "type": "Microsoft.Resources/resourceGroups",
            "location": "westus",
            "properties": {
              "provisioningState": "Succeeded"
            }
          },
          {
            "id": "/subscriptions/db1ab6f0-4769-4b27-930e-01e2ef9c123c/resourceGroups/Default-Storage-EastAsia",
            "name": "Default-Storage-EastAsia",
            "type": "Microsoft.Resources/resourceGroups",
            "location": "eastasia",
            "properties": {
              "provisioningState": "Succeeded"
            }
          },
          {
            "id": "/subscriptions/db1ab6f0-4769-4b27-930e-01e2ef9c123c/resourceGroups/Default-Storage-EastUS",
            "name": "Default-Storage-EastUS",
            "type": "Microsoft.Resources/resourceGroups",
            "location": "eastus",
            "properties": {
              "provisioningState": "Succeeded"
            }
          },
          {
            "id": "/subscriptions/db1ab6f0-4769-4b27-930e-01e2ef9c123c/resourceGroups/Default-Storage-WestUS",
            "name": "Default-Storage-WestUS",
            "type": "Microsoft.Resources/resourceGroups",
            "location": "westus",
            "properties": {
              "provisioningState": "Succeeded"
            }
          }
        ]
      }
    }
  ],
  "Variables": {
    "AZURE_AUTHORITY_HOST": "https://login.microsoftonline.com",
    "RandomSeed": "144335984",
    "RESOURCE_MANAGER_URL": null,
    "SUBSCRIPTION_ID": "db1ab6f0-4769-4b27-930e-01e2ef9c123c"
  }
}
